This is pdfTeX, Version 3.14159265-2.6-1.40.20 (TeX Live 2019) (preloaded format=pdflatex 2019.5.8)  17 NOV 2020 15:14
entering extended mode
 restricted \write18 enabled.
 %&-line parsing enabled.
**Trade_Tax_Revenue_Lashkaripour.tex
(./Trade_Tax_Revenue_Lashkaripour.tex
LaTeX2e <2018-12-01>
(/usr/local/texlive/2019/texmf-dist/tex/latex/jeea/jeea.cls
Document Class: jeea 2011/06/07 v1.0.
JEEA Document class.
(/usr/local/texlive/2019/texmf-dist/tex/latex/xkeyval/xkeyval.sty
Package: xkeyval 2014/12/03 v2.7a package option processing (HA)

(/usr/local/texlive/2019/texmf-dist/tex/generic/xkeyval/xkeyval.tex
(/usr/local/texlive/2019/texmf-dist/tex/generic/xkeyval/xkvutils.tex
\XKV@toks=\toks14
\XKV@tempa@toks=\toks15

(/usr/local/texlive/2019/texmf-dist/tex/generic/xkeyval/keyval.tex))
\XKV@depth=\count80
File: xkeyval.tex 2014/12/03 v2.7a key=value parser (HA)
))
\@parindent=\skip41
\linespace=\dimen102
\hairlinethickness=\dimen103

(/usr/local/texlive/2019/texmf-dist/tex/latex/base/fix-cm.sty
Package: fix-cm 2015/01/14 v1.1t fixes to LaTeX

(/usr/local/texlive/2019/texmf-dist/tex/latex/base/ts1enc.def
File: ts1enc.def 2001/06/05 v3.0e (jk/car/fm) Standard LaTeX file
Now handling font encoding TS1 ...
... processing UTF-8 mapping file for font encoding TS1

(/usr/local/texlive/2019/texmf-dist/tex/latex/base/ts1enc.dfu
File: ts1enc.dfu 2018/10/05 v1.2f UTF-8 support for inputenc
   defining Unicode char U+00A2 (decimal 162)
   defining Unicode char U+00A3 (decimal 163)
   defining Unicode char U+00A4 (decimal 164)
   defining Unicode char U+00A5 (decimal 165)
   defining Unicode char U+00A6 (decimal 166)
   defining Unicode char U+00A7 (decimal 167)
   defining Unicode char U+00A8 (decimal 168)
   defining Unicode char U+00A9 (decimal 169)
   defining Unicode char U+00AA (decimal 170)
   defining Unicode char U+00AC (decimal 172)
   defining Unicode char U+00AE (decimal 174)
   defining Unicode char U+00AF (decimal 175)
   defining Unicode char U+00B0 (decimal 176)
   defining Unicode char U+00B1 (decimal 177)
   defining Unicode char U+00B2 (decimal 178)
   defining Unicode char U+00B3 (decimal 179)
   defining Unicode char U+00B4 (decimal 180)
   defining Unicode char U+00B5 (decimal 181)
   defining Unicode char U+00B6 (decimal 182)
   defining Unicode char U+00B7 (decimal 183)
   defining Unicode char U+00B9 (decimal 185)
   defining Unicode char U+00BA (decimal 186)
   defining Unicode char U+00BC (decimal 188)
   defining Unicode char U+00BD (decimal 189)
   defining Unicode char U+00BE (decimal 190)
   defining Unicode char U+00D7 (decimal 215)
   defining Unicode char U+00F7 (decimal 247)
   defining Unicode char U+0192 (decimal 402)
   defining Unicode char U+02C7 (decimal 711)
   defining Unicode char U+02D8 (decimal 728)
   defining Unicode char U+02DD (decimal 733)
   defining Unicode char U+0E3F (decimal 3647)
   defining Unicode char U+2016 (decimal 8214)
   defining Unicode char U+2020 (decimal 8224)
   defining Unicode char U+2021 (decimal 8225)
   defining Unicode char U+2022 (decimal 8226)
   defining Unicode char U+2030 (decimal 8240)
   defining Unicode char U+2031 (decimal 8241)
   defining Unicode char U+203B (decimal 8251)
   defining Unicode char U+203D (decimal 8253)
   defining Unicode char U+2044 (decimal 8260)
   defining Unicode char U+204E (decimal 8270)
   defining Unicode char U+2052 (decimal 8274)
   defining Unicode char U+20A1 (decimal 8353)
   defining Unicode char U+20A4 (decimal 8356)
   defining Unicode char U+20A6 (decimal 8358)
   defining Unicode char U+20A9 (decimal 8361)
   defining Unicode char U+20AB (decimal 8363)
   defining Unicode char U+20AC (decimal 8364)
   defining Unicode char U+20B1 (decimal 8369)
   defining Unicode char U+2103 (decimal 8451)
   defining Unicode char U+2116 (decimal 8470)
   defining Unicode char U+2117 (decimal 8471)
   defining Unicode char U+211E (decimal 8478)
   defining Unicode char U+2120 (decimal 8480)
   defining Unicode char U+2122 (decimal 8482)
   defining Unicode char U+2126 (decimal 8486)
   defining Unicode char U+2127 (decimal 8487)
   defining Unicode char U+212E (decimal 8494)
   defining Unicode char U+2190 (decimal 8592)
   defining Unicode char U+2191 (decimal 8593)
   defining Unicode char U+2192 (decimal 8594)
   defining Unicode char U+2193 (decimal 8595)
   defining Unicode char U+2329 (decimal 9001)
   defining Unicode char U+232A (decimal 9002)
   defining Unicode char U+2422 (decimal 9250)
   defining Unicode char U+25E6 (decimal 9702)
   defining Unicode char U+25EF (decimal 9711)
   defining Unicode char U+266A (decimal 9834)
   defining Unicode char U+FEFF (decimal 65279)
)))
(/usr/local/texlive/2019/texmf-dist/tex/latex/amsfonts/amsfonts.sty
Package: amsfonts 2013/01/14 v3.01 Basic AMSFonts support
\@emptytoks=\toks16
\symAMSa=\mathgroup4
\symAMSb=\mathgroup5
LaTeX Font Info:    Overwriting math alphabet `\mathfrak' in version `bold'
(Font)                  U/euf/m/n --> U/euf/b/n on input line 106.
)
(/usr/local/texlive/2019/texmf-dist/tex/latex/amsfonts/amssymb.sty
Package: amssymb 2013/01/14 v3.01 AMS font symbols
)
(/usr/local/texlive/2019/texmf-dist/tex/latex/tools/bm.sty
Package: bm 2017/01/16 v1.2c Bold Symbol Support (DPC/FMi)
\symboldoperators=\mathgroup6
\symboldletters=\mathgroup7
\symboldsymbols=\mathgroup8
LaTeX Font Info:    Redeclaring math alphabet \mathbf on input line 141.
LaTeX Info: Redefining \bm on input line 207.
)
(/usr/local/texlive/2019/texmf-dist/tex/latex/base/textcomp.sty
Package: textcomp 2018/08/11 v2.0j Standard LaTeX package
Package textcomp Info: Sub-encoding information:
(textcomp)               5 = only ISO-Adobe without \textcurrency
(textcomp)               4 = 5 + \texteuro
(textcomp)               3 = 4 + \textohm
(textcomp)               2 = 3 + \textestimated + \textcurrency
(textcomp)               1 = TS1 - \textcircled - \t
(textcomp)               0 = TS1 (full)
(textcomp)             Font families with sub-encoding setting implement
(textcomp)             only a restricted character set as indicated.
(textcomp)             Family '?' is the default used for unknown fonts.
(textcomp)             See the documentation for details.
Package textcomp Info: Setting ? sub-encoding to TS1/1 on input line 79.

(/usr/local/texlive/2019/texmf-dist/tex/latex/base/ts1enc.def
File: ts1enc.def 2001/06/05 v3.0e (jk/car/fm) Standard LaTeX file
LaTeX Font Info:    Redeclaring font encoding TS1 on input line 47.
)
LaTeX Info: Redefining \oldstylenums on input line 334.
Package textcomp Info: Setting cmr sub-encoding to TS1/0 on input line 349.
Package textcomp Info: Setting cmss sub-encoding to TS1/0 on input line 350.
Package textcomp Info: Setting cmtt sub-encoding to TS1/0 on input line 351.
Package textcomp Info: Setting cmvtt sub-encoding to TS1/0 on input line 352.
Package textcomp Info: Setting cmbr sub-encoding to TS1/0 on input line 353.
Package textcomp Info: Setting cmtl sub-encoding to TS1/0 on input line 354.
Package textcomp Info: Setting ccr sub-encoding to TS1/0 on input line 355.
Package textcomp Info: Setting ptm sub-encoding to TS1/4 on input line 356.
Package textcomp Info: Setting pcr sub-encoding to TS1/4 on input line 357.
Package textcomp Info: Setting phv sub-encoding to TS1/4 on input line 358.
Package textcomp Info: Setting ppl sub-encoding to TS1/3 on input line 359.
Package textcomp Info: Setting pag sub-encoding to TS1/4 on input line 360.
Package textcomp Info: Setting pbk sub-encoding to TS1/4 on input line 361.
Package textcomp Info: Setting pnc sub-encoding to TS1/4 on input line 362.
Package textcomp Info: Setting pzc sub-encoding to TS1/4 on input line 363.
Package textcomp Info: Setting bch sub-encoding to TS1/4 on input line 364.
Package textcomp Info: Setting put sub-encoding to TS1/5 on input line 365.
Package textcomp Info: Setting uag sub-encoding to TS1/5 on input line 366.
Package textcomp Info: Setting ugq sub-encoding to TS1/5 on input line 367.
Package textcomp Info: Setting ul8 sub-encoding to TS1/4 on input line 368.
Package textcomp Info: Setting ul9 sub-encoding to TS1/4 on input line 369.
Package textcomp Info: Setting augie sub-encoding to TS1/5 on input line 370.
Package textcomp Info: Setting dayrom sub-encoding to TS1/3 on input line 371.
Package textcomp Info: Setting dayroms sub-encoding to TS1/3 on input line 372.

Package textcomp Info: Setting pxr sub-encoding to TS1/0 on input line 373.
Package textcomp Info: Setting pxss sub-encoding to TS1/0 on input line 374.
Package textcomp Info: Setting pxtt sub-encoding to TS1/0 on input line 375.
Package textcomp Info: Setting txr sub-encoding to TS1/0 on input line 376.
Package textcomp Info: Setting txss sub-encoding to TS1/0 on input line 377.
Package textcomp Info: Setting txtt sub-encoding to TS1/0 on input line 378.
Package textcomp Info: Setting lmr sub-encoding to TS1/0 on input line 379.
Package textcomp Info: Setting lmdh sub-encoding to TS1/0 on input line 380.
Package textcomp Info: Setting lmss sub-encoding to TS1/0 on input line 381.
Package textcomp Info: Setting lmssq sub-encoding to TS1/0 on input line 382.
Package textcomp Info: Setting lmvtt sub-encoding to TS1/0 on input line 383.
Package textcomp Info: Setting lmtt sub-encoding to TS1/0 on input line 384.
Package textcomp Info: Setting qhv sub-encoding to TS1/0 on input line 385.
Package textcomp Info: Setting qag sub-encoding to TS1/0 on input line 386.
Package textcomp Info: Setting qbk sub-encoding to TS1/0 on input line 387.
Package textcomp Info: Setting qcr sub-encoding to TS1/0 on input line 388.
Package textcomp Info: Setting qcs sub-encoding to TS1/0 on input line 389.
Package textcomp Info: Setting qpl sub-encoding to TS1/0 on input line 390.
Package textcomp Info: Setting qtm sub-encoding to TS1/0 on input line 391.
Package textcomp Info: Setting qzc sub-encoding to TS1/0 on input line 392.
Package textcomp Info: Setting qhvc sub-encoding to TS1/0 on input line 393.
Package textcomp Info: Setting futs sub-encoding to TS1/4 on input line 394.
Package textcomp Info: Setting futx sub-encoding to TS1/4 on input line 395.
Package textcomp Info: Setting futj sub-encoding to TS1/4 on input line 396.
Package textcomp Info: Setting hlh sub-encoding to TS1/3 on input line 397.
Package textcomp Info: Setting hls sub-encoding to TS1/3 on input line 398.
Package textcomp Info: Setting hlst sub-encoding to TS1/3 on input line 399.
Package textcomp Info: Setting hlct sub-encoding to TS1/5 on input line 400.
Package textcomp Info: Setting hlx sub-encoding to TS1/5 on input line 401.
Package textcomp Info: Setting hlce sub-encoding to TS1/5 on input line 402.
Package textcomp Info: Setting hlcn sub-encoding to TS1/5 on input line 403.
Package textcomp Info: Setting hlcw sub-encoding to TS1/5 on input line 404.
Package textcomp Info: Setting hlcf sub-encoding to TS1/5 on input line 405.
Package textcomp Info: Setting pplx sub-encoding to TS1/3 on input line 406.
Package textcomp Info: Setting pplj sub-encoding to TS1/3 on input line 407.
Package textcomp Info: Setting ptmx sub-encoding to TS1/4 on input line 408.
Package textcomp Info: Setting ptmj sub-encoding to TS1/4 on input line 409.
)
(/usr/local/texlive/2019/texmf-dist/tex/latex/base/inputenc.sty
Package: inputenc 2018/08/11 v1.3c Input encoding file
\inpenc@prehook=\toks17
\inpenc@posthook=\toks18
)
\jfootnotesep=\skip42

(/usr/local/texlive/2019/texmf-dist/tex/latex/textcase/textcase.sty
Package: textcase 2004/10/07 v0.07 Text only upper/lower case changing (DPC)
)
\c@Author=\count81
\c@Editor=\count82
\c@figure=\count83
\c@table=\count84
\abovecaptionskip=\skip43
\belowcaptionskip=\skip44

(/usr/local/texlive/2019/texmf-dist/tex/latex/caption/caption.sty
Package: caption 2018/10/06 v3.3-154 Customizing captions (AR)

(/usr/local/texlive/2019/texmf-dist/tex/latex/caption/caption3.sty
Package: caption3 2018/09/12 v1.8c caption3 kernel (AR)
Package caption3 Info: TeX engine: e-TeX on input line 64.
\captionmargin=\dimen104
\captionmargin@=\dimen105
\captionwidth=\dimen106
\caption@tempdima=\dimen107
\caption@indent=\dimen108
\caption@parindent=\dimen109
\caption@hangindent=\dimen110
)
\c@caption@flags=\count85
\c@ContinuedFloat=\count86
)
(/usr/local/texlive/2019/texmf-dist/tex/latex/booktabs/booktabs.sty
Package: booktabs 2016/04/27 v1.618033 publication quality tables
\heavyrulewidth=\dimen111
\lightrulewidth=\dimen112
\cmidrulewidth=\dimen113
\belowrulesep=\dimen114
\belowbottomsep=\dimen115
\aboverulesep=\dimen116
\abovetopsep=\dimen117
\cmidrulesep=\dimen118
\cmidrulekern=\dimen119
\defaultaddspace=\dimen120
\@cmidla=\count87
\@cmidlb=\count88
\@aboverulesep=\dimen121
\@belowrulesep=\dimen122
\@thisruleclass=\count89
\@lastruleclass=\count90
\@thisrulewidth=\dimen123
)
\c@tablenote=\count91
\mintabcolsep=\dimen124
\maxtabcolsep=\dimen125
\c@section=\count92
\c@subsection=\count93
\c@subsubsection=\count94
\c@paragraph=\count95
\sectionskipi=\skip45
\sectionskipii=\skip46

(/usr/local/texlive/2019/texmf-dist/tex/latex/enumitem/enumitem.sty
Package: enumitem 2019/02/04 v3.8 Customized lists
\enitkv@toks@=\toks19
\labelindent=\skip47
\enit@outerparindent=\dimen126
\enit@toks=\toks20
\enit@inbox=\box27
\enit@count@id=\count96
\enitdp@description=\count97
)
\c@paritemi=\count98
\bibindent=\dimen127

(/usr/local/texlive/2019/texmf-dist/tex/latex/amsmath/amsmath.sty
Package: amsmath 2018/12/01 v2.17b AMS math features
\@mathmargin=\skip48

For additional information on amsmath, use the `?' option.
(/usr/local/texlive/2019/texmf-dist/tex/latex/amsmath/amstext.sty
Package: amstext 2000/06/29 v2.01 AMS text

(/usr/local/texlive/2019/texmf-dist/tex/latex/amsmath/amsgen.sty
File: amsgen.sty 1999/11/30 v2.0 generic functions
\@emptytoks=\toks21
\ex@=\dimen128
))
(/usr/local/texlive/2019/texmf-dist/tex/latex/amsmath/amsbsy.sty
Package: amsbsy 1999/11/29 v1.2d Bold Symbols
LaTeX Info: Redefining \boldsymbol on input line 28.
\pmbraise@=\dimen129
)
(/usr/local/texlive/2019/texmf-dist/tex/latex/amsmath/amsopn.sty
Package: amsopn 2016/03/08 v2.02 operator names
)
\inf@bad=\count99
LaTeX Info: Redefining \frac on input line 223.
\uproot@=\count100
\leftroot@=\count101
LaTeX Info: Redefining \overline on input line 385.
\classnum@=\count102
\DOTSCASE@=\count103
LaTeX Info: Redefining \ldots on input line 482.
LaTeX Info: Redefining \dots on input line 485.
LaTeX Info: Redefining \cdots on input line 606.
\Mathstrutbox@=\box28
\strutbox@=\box29
\big@size=\dimen130
LaTeX Font Info:    Redeclaring font encoding OML on input line 729.
LaTeX Font Info:    Redeclaring font encoding OMS on input line 730.
\macc@depth=\count104
\c@MaxMatrixCols=\count105
\dotsspace@=\muskip10
\c@parentequation=\count106
\dspbrk@lvl=\count107
\tag@help=\toks22
\row@=\count108
\column@=\count109
\maxfields@=\count110
\andhelp@=\toks23
\eqnshift@=\dimen131
\alignsep@=\dimen132
\tagshift@=\dimen133
\tagwidth@=\dimen134
\totwidth@=\dimen135
\lineht@=\dimen136
\@envbody=\toks24
\multlinegap=\skip49
\multlinetaggap=\skip50
\mathdisplay@stack=\toks25
LaTeX Info: Redefining \[ on input line 2844.
LaTeX Info: Redefining \] on input line 2845.
)
(/Users/alashkar/Library/texmf/tex/latex/ubar.sty
Package: ubar 2010/11/16 v0.9 (beta).

ubar Package.
) (/usr/local/texlive/2019/texmf-dist/tex/latex/graphics/graphicx.sty
Package: graphicx 2017/06/01 v1.1a Enhanced LaTeX Graphics (DPC,SPQR)

(/usr/local/texlive/2019/texmf-dist/tex/latex/graphics/graphics.sty
Package: graphics 2017/06/25 v1.2c Standard LaTeX Graphics (DPC,SPQR)

(/usr/local/texlive/2019/texmf-dist/tex/latex/graphics/trig.sty
Package: trig 2016/01/03 v1.10 sin cos tan (DPC)
)
(/usr/local/texlive/2019/texmf-dist/tex/latex/graphics-cfg/graphics.cfg
File: graphics.cfg 2016/06/04 v1.11 sample graphics configuration
)
Package graphics Info: Driver file: pdftex.def on input line 99.

(/usr/local/texlive/2019/texmf-dist/tex/latex/graphics-def/pdftex.def
File: pdftex.def 2018/01/08 v1.0l Graphics/color driver for pdftex
))
\Gin@req@height=\dimen137
\Gin@req@width=\dimen138
)
(/usr/local/texlive/2019/texmf-dist/tex/latex/url/url.sty
\Urlmuskip=\muskip11
Package: url 2013/09/16  ver 3.4  Verb mode for urls, etc.
))
(/usr/local/texlive/2019/texmf-dist/tex/latex/base/fontenc.sty
Package: fontenc 2018/08/11 v2.0j Standard LaTeX package

(/usr/local/texlive/2019/texmf-dist/tex/latex/base/t1enc.def
File: t1enc.def 2018/08/11 v2.0j Standard LaTeX file
LaTeX Font Info:    Redeclaring font encoding T1 on input line 48.
))
(/usr/local/texlive/2019/texmf-dist/tex/latex/graphics/color.sty
Package: color 2016/07/10 v1.1e Standard LaTeX Color (DPC)

(/usr/local/texlive/2019/texmf-dist/tex/latex/graphics-cfg/color.cfg
File: color.cfg 2016/01/02 v1.6 sample color configuration
)
Package color Info: Driver file: pdftex.def on input line 147.
)
(/usr/local/texlive/2019/texmf-dist/tex/latex/tools/verbatim.sty
Package: verbatim 2014/10/28 v1.5q LaTeX2e package for verbatim enhancements
\every@verbatim=\toks26
\verbatim@line=\toks27
\verbatim@in@stream=\read1
)
(/usr/local/texlive/2019/texmf-dist/tex/latex/amscls/amsthm.sty
Package: amsthm 2017/10/31 v2.20.4
\thm@style=\toks28
\thm@bodyfont=\toks29
\thm@headfont=\toks30
\thm@notefont=\toks31
\thm@headpunct=\toks32
\thm@preskip=\skip51
\thm@postskip=\skip52
\thm@headsep=\skip53
\dth@everypar=\toks33
)
(/usr/local/texlive/2019/texmf-dist/tex/latex/natbib/natbib.sty
Package: natbib 2010/09/13 8.31b (PWD, AO)
\bibhang=\skip54
\bibsep=\skip55
LaTeX Info: Redefining \cite on input line 694.
\c@NAT@ctr=\count111
)
\c@lem=\count112
\c@prop=\count113

(/usr/local/texlive/2019/texmf-dist/tex/latex/adjustbox/adjustbox.sty
Package: adjustbox 2019/01/04 v1.2 Adjusting TeX boxes (trim, clip, ...)

(/usr/local/texlive/2019/texmf-dist/tex/latex/adjustbox/adjcalc.sty
Package: adjcalc 2012/05/16 v1.1 Provides advanced setlength with multiple back
-ends (calc, etex, pgfmath)
)
(/usr/local/texlive/2019/texmf-dist/tex/latex/adjustbox/trimclip.sty
Package: trimclip 2018/04/08 v1.1 Trim and clip general TeX material

(/usr/local/texlive/2019/texmf-dist/tex/latex/collectbox/collectbox.sty
Package: collectbox 2012/05/17 v0.4b Collect macro arguments as boxes
\collectedbox=\box30
)
\tc@llx=\dimen139
\tc@lly=\dimen140
\tc@urx=\dimen141
\tc@ury=\dimen142
Package trimclip Info: Using driver 'tc-pdftex.def'.

(/usr/local/texlive/2019/texmf-dist/tex/latex/adjustbox/tc-pdftex.def
File: tc-pdftex.def 2019/01/04 v2.2 Clipping driver for pdftex
))
\adjbox@Width=\dimen143
\adjbox@Height=\dimen144
\adjbox@Depth=\dimen145
\adjbox@Totalheight=\dimen146
\adjbox@pwidth=\dimen147
\adjbox@pheight=\dimen148
\adjbox@pdepth=\dimen149
\adjbox@ptotalheight=\dimen150

(/usr/local/texlive/2019/texmf-dist/tex/latex/ifoddpage/ifoddpage.sty
Package: ifoddpage 2016/04/23 v1.1 Conditionals for odd/even page detection
\c@checkoddpage=\count114
)
(/usr/local/texlive/2019/texmf-dist/tex/latex/varwidth/varwidth.sty
Package: varwidth 2009/03/30 ver 0.92;  Variable-width minipages
\@vwid@box=\box31
\sift@deathcycles=\count115
\@vwid@loff=\dimen151
\@vwid@roff=\dimen152
))
(/usr/local/texlive/2019/texmf-dist/tex/latex/changepage/changepage.sty
Package: changepage 2009/10/20 v1.0c check page and change page layout
\c@cp@cntr=\count116
\cp@tempcnt=\count117
LaTeX Info: Redefining \checkoddpage on input line 59.
)
\c@parentnumber=\count118

(/usr/local/texlive/2019/texmf-dist/tex/latex/multirow/multirow.sty
Package: multirow 2019/01/01 v2.4 Span multiple rows of a table
\multirow@colwidth=\skip56
\multirow@cntb=\count119
\multirow@dima=\skip57
\bigstrutjot=\dimen153
)
\c@result=\count120

(/usr/local/texlive/2019/texmf-dist/tex/latex/bbm-macros/bbm.sty
Package: bbm 1999/03/15 V 1.2 provides fonts for set symbols - TH
LaTeX Font Info:    Overwriting math alphabet `\mathbbm' in version `bold'
(Font)                  U/bbm/m/n --> U/bbm/bx/n on input line 33.
LaTeX Font Info:    Overwriting math alphabet `\mathbbmss' in version `bold'
(Font)                  U/bbmss/m/n --> U/bbmss/bx/n on input line 35.
)
\c@brem=\count121

(/usr/local/texlive/2019/texmf-dist/tex/generic/babel/babel.sty
Package: babel 2019/05/04 3.31 The Babel package

(/usr/local/texlive/2019/texmf-dist/tex/generic/babel/switch.def
File: switch.def 2019/05/04 3.31 Babel switching mechanism
)
Package babel Info: You haven't specified a language. I'll use 'nil'
(babel)             as the main language. Reported on input line 544.

(/usr/local/texlive/2019/texmf-dist/tex/generic/babel/nil.ldf
Language: nil 2019/05/04 3.31 Nil language

(/usr/local/texlive/2019/texmf-dist/tex/generic/babel/babel.def
File: babel.def 2019/05/04 3.31 Babel common definitions
\babel@savecnt=\count122
\U@D=\dimen154

(/usr/local/texlive/2019/texmf-dist/tex/generic/babel/txtbabel.def)
\bbl@dirlevel=\count123
)))

LaTeX Warning: Unused global option(s):
    [mathpazo].

(./Trade_Tax_Revenue_Lashkaripour.aux)
\openout1 = `Trade_Tax_Revenue_Lashkaripour.aux'.

LaTeX Font Info:    Checking defaults for OML/cmm/m/it on input line 76.
LaTeX Font Info:    ... okay on input line 76.
LaTeX Font Info:    Checking defaults for T1/cmr/m/n on input line 76.
LaTeX Font Info:    ... okay on input line 76.
LaTeX Font Info:    Checking defaults for OT1/cmr/m/n on input line 76.
LaTeX Font Info:    ... okay on input line 76.
LaTeX Font Info:    Checking defaults for OMS/cmsy/m/n on input line 76.
LaTeX Font Info:    ... okay on input line 76.
LaTeX Font Info:    Checking defaults for OMX/cmex/m/n on input line 76.
LaTeX Font Info:    ... okay on input line 76.
LaTeX Font Info:    Checking defaults for U/cmr/m/n on input line 76.
LaTeX Font Info:    ... okay on input line 76.
LaTeX Font Info:    Checking defaults for TS1/cmr/m/n on input line 76.
LaTeX Font Info:    ... okay on input line 76.
Package caption Info: Begin \AtBeginDocument code.
Package caption Info: End \AtBeginDocument code.

(/usr/local/texlive/2019/texmf-dist/tex/context/base/mkii/supp-pdf.mkii
[Loading MPS to PDF converter (version 2006.09.02).]
\scratchcounter=\count124
\scratchdimen=\dimen155
\scratchbox=\box32
\nofMPsegments=\count125
\nofMParguments=\count126
\everyMPshowfont=\toks34
\MPscratchCnt=\count127
\MPscratchDim=\dimen156
\MPnumerator=\count128
\makeMPintoPDFobject=\count129
\everyMPtoPDFconversion=\toks35
) (/usr/local/texlive/2019/texmf-dist/tex/latex/oberdiek/epstopdf-base.sty
Package: epstopdf-base 2016/05/15 v2.6 Base part for package epstopdf

(/usr/local/texlive/2019/texmf-dist/tex/generic/oberdiek/infwarerr.sty
Package: infwarerr 2016/05/16 v1.4 Providing info/warning/error messages (HO)
)
(/usr/local/texlive/2019/texmf-dist/tex/latex/oberdiek/grfext.sty
Package: grfext 2016/05/16 v1.2 Manage graphics extensions (HO)

(/usr/local/texlive/2019/texmf-dist/tex/generic/oberdiek/kvdefinekeys.sty
Package: kvdefinekeys 2016/05/16 v1.4 Define keys (HO)

(/usr/local/texlive/2019/texmf-dist/tex/generic/oberdiek/ltxcmds.sty
Package: ltxcmds 2016/05/16 v1.23 LaTeX kernel commands for general use (HO)
)))
(/usr/local/texlive/2019/texmf-dist/tex/latex/oberdiek/kvoptions.sty
Package: kvoptions 2016/05/16 v3.12 Key value format for package options (HO)

(/usr/local/texlive/2019/texmf-dist/tex/generic/oberdiek/kvsetkeys.sty
Package: kvsetkeys 2016/05/16 v1.17 Key value parser (HO)

(/usr/local/texlive/2019/texmf-dist/tex/generic/oberdiek/etexcmds.sty
Package: etexcmds 2016/05/16 v1.6 Avoid name clashes with e-TeX commands (HO)

(/usr/local/texlive/2019/texmf-dist/tex/generic/oberdiek/ifluatex.sty
Package: ifluatex 2016/05/16 v1.4 Provides the ifluatex switch (HO)
Package ifluatex Info: LuaTeX not detected.
))))
(/usr/local/texlive/2019/texmf-dist/tex/generic/oberdiek/pdftexcmds.sty
Package: pdftexcmds 2018/09/10 v0.29 Utility functions of pdfTeX for LuaTeX (HO
)

(/usr/local/texlive/2019/texmf-dist/tex/generic/oberdiek/ifpdf.sty
Package: ifpdf 2018/09/07 v3.3 Provides the ifpdf switch
)
Package pdftexcmds Info: LuaTeX not detected.
Package pdftexcmds Info: \pdf@primitive is available.
Package pdftexcmds Info: \pdf@ifprimitive is available.
Package pdftexcmds Info: \pdfdraftmode found.
)
Package epstopdf-base Info: Redefining graphics rule for `.eps' on input line 4
38.
Package grfext Info: Graphics extension search list:
(grfext)             [.pdf,.jpeg,.png,.eps]
(grfext)             \AppendGraphicsExtensions on input line 456.

(/usr/local/texlive/2019/texmf-dist/tex/latex/latexconfig/epstopdf-sys.cfg
File: epstopdf-sys.cfg 2010/07/13 v1.3 Configuration of (r)epstopdf for TeX Liv
e
))
LaTeX Font Info:    Try loading font information for U+msa on input line 96.

(/usr/local/texlive/2019/texmf-dist/tex/latex/amsfonts/umsa.fd
File: umsa.fd 2013/01/14 v3.01 AMS symbols A
)
LaTeX Font Info:    Try loading font information for U+msb on input line 96.

(/usr/local/texlive/2019/texmf-dist/tex/latex/amsfonts/umsb.fd
File: umsb.fd 2013/01/14 v3.01 AMS symbols B
)
Underfull \hbox (badness 10000) in paragraph at lines 103--103
\T1/cmr/m/n/8.5 1. []See, for example, $https : / / beta . washingtonpost . com
 / politics / 2019 / 07 / 16 /
 []

LaTeX Font Info:    Font shape `T1/cmss/m/it' in size <8.5> not available
(Font)              Font shape `T1/cmss/m/sl' tried instead on input line 122.
[1
Non-PDF special ignored!
<special> papersize=486.54211pt,699.93779pt

{/usr/local/texlive/2019/texmf-var/fonts/map/pdftex/updmap/pdftex.map}]
[2] [3] [4] [5] [6] [7]
Underfull \hbox (badness 10000) in paragraph at lines 448--448
\T1/cmr/m/n/8.5 9. []To be specific, the consumer price index is given
 []


Underfull \hbox (badness 10000) in paragraph at lines 448--448
\T1/cmr/m/n/8.5 by $[] \OT1/cmr/m/n/8.5 = [] [][] []$\T1/cmr/m/n/8.5 , where $[
] \OT1/cmr/m/n/8.5 = [][] \OML/cmm/m/it/8.5 e[]$ \T1/cmr/m/n/8.5 and $[] \OT1/c
mr/m/n/8.5 =
 []


Overfull \hbox (50.65633pt too wide) detected at line 452
 \OMS/cmsy/m/n/9.5 R[]\OT1/cmr/m/n/9.5 ([]\OML/cmm/m/it/9.5 ; []; []\OT1/cmr/m/
n/9.5 ; []\OML/cmm/m/it/9.5 ; []\OT1/cmr/m/n/9.5 ) \OMS/cmsy/m/n/9.5 ^^Q [] [] 
[] \OML/cmm/m/it/9.5 :
 []

[8] [9] [10] [11] [12] [13] [14]
Overfull \hbox (23.17151pt too wide) detected at line 907
\OT1/cmr/m/n/9.5 1 + \OML/cmm/m/it/9.5 t[] \OT1/cmr/m/n/9.5 = [] (1 + []);     
            1 + \OML/cmm/m/it/9.5 x[] \OT1/cmr/m/n/9.5 = [] (1 + [])[]
 []


Overfull \hbox (37.90196pt too wide) detected at line 929
| [] \OML/cmm/m/it/9.5 :
 []

[15] [16]
Overfull \hbox (30.75645pt too wide) detected at line 1048
[]
 []

[17] [18] [19]
Overfull \hbox (27.69244pt too wide) in paragraph at lines 1222--1255
 [] 
 []

[20]
<Fig_1.png, id=106, 541.02126pt x 360.84813pt>
File: Fig_1.png Graphic file (type png)
<use Fig_1.png>
Package pdftex.def Info: Fig_1.png  used on input line 1371.
(pdftex.def)             Requested size: 405.76494pt x 270.63542pt.

Overfull \hbox (47.26022pt too wide) in paragraph at lines 1371--1372
 [] 
 []

[21] [22] [23 <./Fig_1.png>]
Package epstopdf Info: Source file: <Fig_2.eps>
(epstopdf)                    date: 2020-03-03 10:06:00
(epstopdf)                    size: 15079 bytes
(epstopdf)             Output file: <Fig_2-eps-converted-to.pdf>
(epstopdf)                    date: 2020-11-17 15:01:36
(epstopdf)                    size: 11060 bytes
(epstopdf)             Command: <repstopdf --outfile=Fig_2-eps-converted-to.pdf
 Fig_2.eps>
(epstopdf)             \includegraphics on input line 1476.
Package epstopdf Info: Output file is already uptodate.
<Fig_2-eps-converted-to.pdf, id=118, 258.9675pt x 188.705pt>
File: Fig_2-eps-converted-to.pdf Graphic file (type pdf)
<use Fig_2-eps-converted-to.pdf>
Package pdftex.def Info: Fig_2-eps-converted-to.pdf  used on input line 1476.
(pdftex.def)             Requested size: 323.70854pt x 235.88066pt.
 [24 <./Fig_2-eps-converted-to.pdf>]
<Fig_3.png, id=127, 632.3625pt x 459.7175pt>
File: Fig_3.png Graphic file (type png)
<use Fig_3.png>
Package pdftex.def Info: Fig_3.png  used on input line 1539.
(pdftex.def)             Requested size: 379.42043pt x 275.83263pt.

Overfull \hbox (20.91571pt too wide) in paragraph at lines 1539--1540
 [][] 
 []

[25] (./Trade_Tax_Revenue_Lashkaripour.bbl [26 <./Fig_3.png>] [27]
Underfull \hbox (badness 10000) in paragraph at lines 241--245
\T1/cmr/m/n/9.5 or insurance?  \T1/cmr/m/it/9.5 Canadian Journal of Economics/R
evue canadienne
 []

) [28]
Overfull \hbox (3.0113pt too wide) detected at line 1636
\OML/cmm/m/it/9.5 A[] \OMS/cmsy/m/n/9.5 ^^Q \OT1/cmr/m/n/9.5 ([] + [][]\OML/cmm
/m/it/9.5 ; [][]; [] \OT1/cmr/m/n/9.5 + [][]\OML/cmm/m/it/9.5 ; [][]; [][]\OT1/
cmr/m/n/9.5 ; \OML/cmm/m/it/9.5 w[]; [][]\OT1/cmr/m/n/9.5 ) = (\OML/cmm/m/it/9.
5 a\OT1/cmr/m/n/9.5 ([] + [][])\OML/cmm/m/it/9.5 ; [][]; \OT1/cmr/m/n/9.5 ([] +
 [][])\OML/cmm/m/it/9.5 =a; [][]; []\OT1/cmr/m/n/9.5 ; \OML/cmm/m/it/9.5 aw[]; 
[][]\OT1/cmr/m/n/9.5 )
 []


Overfull \hbox (49.36458pt too wide) detected at line 1687
 [] \OT1/cmr/m/n/9.5 = [](1 + \OML/cmm/m/it/9.5 x[]\OT1/cmr/m/n/9.5 )(1 + \OML/
cmm/m/it/9.5 t[]\OT1/cmr/m/n/9.5 )\OML/cmm/m/it/9.5 w[] \OT1/cmr/m/n/9.5 = [] \
OML/cmm/m/it/9.5 :
 []

[1

]
Overfull \hbox (61.04942pt too wide) detected at line 1697
[]
 []

[2]
LaTeX Font Info:    Try loading font information for U+bbm on input line 1796.
 (/usr/local/texlive/2019/texmf-dist/tex/latex/bbm-macros/ubbm.fd
File: ubbm.fd 1999/03/15 V 1.2 Font definition for bbm font - TH
)

LaTeX Font Warning: Font shape `U/bbm/m/n' in size <9.5> not available
(Font)              size <9> substituted on input line 1796.


Overfull \hbox (57.39902pt too wide) detected at line 1796
[]
 []

[3]
Overfull \hbox (50.00975pt too wide) detected at line 1846
[]
 []

[4]
Overfull \hbox (106.12851pt too wide) in paragraph at lines 1858--1865
\T1/cmr/m/n/9.5 country $\OML/cmm/m/it/9.5 i$\T1/cmr/m/n/9.5 's balanced trade 
condition, $[][]\OT1/cmr/m/n/9.5 ([]\OML/cmm/m/it/9.5 ; []; []\OT1/cmr/m/n/9.5 
; []) = [][] [][] []$\T1/cmr/m/n/9.5 :[] 
 []


Overfull \hbox (5.82886pt too wide) detected at line 1874
[]\OML/cmm/m/it/9.5 Q[] \OT1/cmr/m/n/9.5 + [] [] [] + ^^A[] [][] = 0
 []

[5]
Overfull \hbox (26.59747pt too wide) detected at line 1935
[]
 []

[6] [7]
Overfull \hbox (44.87865pt too wide) detected at line 2062
 [] \OML/cmm/m/it/9.5 :
 []

[8] [9] [10]
Overfull \hbox (59.6371pt too wide) detected at line 2202
\OML/cmm/m/it/9.5 Y[]\OT1/cmr/m/n/9.5 ([]) = \OML/cmm/m/it/9.5 w[]L[] \OT1/cmr/
m/n/9.5 + ^^E[] + [] [] [] \OML/cmm/m/it/9.5 ;
 []


Overfull \hbox (44.87865pt too wide) detected at line 2239
 [] \OML/cmm/m/it/9.5 ;
 []

[11] [12]
Overfull \hbox (45.03484pt too wide) detected at line 2349
 [] \OML/cmm/m/it/9.5 :
 []

[13] [14]

LaTeX Font Warning: Font shape `U/bbm/m/n' in size <8.5> not available
(Font)              size <8> substituted on input line 2427.


LaTeX Font Warning: Font shape `U/bbm/m/n' in size <6.5> not available
(Font)              size <6> substituted on input line 2427.


Overfull \hbox (48.84709pt too wide) detected at line 2427
\OML/cmm/m/it/8.5 P[]Q[]"[] \OT1/cmr/m/n/8.5 + [] [] [] = \OMS/cmsy/m/n/8.5 ^^@
\OML/cmm/m/it/8.5 P[]Q[]"[] \OMS/cmsy/m/n/8.5 ^^@ [] [] []\OML/cmm/m/it/8.5 ;
 []


Underfull \hbox (badness 10000) in paragraph at lines 2427--2427
\T1/cmr/m/n/8.5 which follows from the fact that $\OT1/cmr/m/n/8.5 (\OML/cmm/m/
it/8.5 a\OT1/cmr/m/n/8.5 )$ $\OML/cmm/m/it/8.5 P[]Q[]"[] \OT1/cmr/m/n/8.5 = \OM
S/cmsy/m/n/8.5 ^^@\OT1/cmr/m/n/8.5 (1 +
 []


Underfull \hbox (badness 10000) in paragraph at lines 2427--2427
\OML/cmm/m/it/8.5 t[]\OT1/cmr/m/n/8.5 ) [] \OML/cmm/m/it/8.5 P[]Q[]$\T1/cmr/m/n
/8.5 , and $\OT1/cmr/m/n/8.5 (\OML/cmm/m/it/8.5 b\OT1/cmr/m/n/8.5 )$ $(1 + \OML
/cmm/m/it/8.5 t[]\OT1/cmr/m/n/8.5 )\OML/cmm/m/it/8.5 P[]Q[] \OT1/cmr/m/n/8.5 + 
\OML/cmm/m/it/8.5 t[]P[]Q[]"[] \OMS/cmsy/m/n/8.5 ^^Y
 []

[15] [16]
Overfull \hbox (6.76149pt too wide) detected at line 2517
\OMS/cmsy/m/n/9.5 R[]\OT1/cmr/m/n/9.5 ([]\OML/cmm/m/it/9.5 ; []; []\OT1/cmr/m/n
/9.5 ; []) = [] [] [] \OML/cmm/m/it/9.5 :
 []


Overfull \hbox (67.63454pt too wide) detected at line 2533
[]
 []

[17]
Overfull \hbox (21.6042pt too wide) detected at line 2584
[]
 []

[18]
Overfull \hbox (74.38795pt too wide) detected at line 2609
 [] \OML/cmm/m/it/9.5 :
 []

[19]
Package epstopdf Info: Source file: <Fig_J1.eps>
(epstopdf)                    date: 2020-03-04 12:47:29
(epstopdf)                    size: 38173 bytes
(epstopdf)             Output file: <Fig_J1-eps-converted-to.pdf>
(epstopdf)                    date: 2020-11-17 15:01:37
(epstopdf)                    size: 12179 bytes
(epstopdf)             Command: <repstopdf --outfile=Fig_J1-eps-converted-to.pd
f Fig_J1.eps>
(epstopdf)             \includegraphics on input line 2678.
Package epstopdf Info: Output file is already uptodate.
<Fig_J1-eps-converted-to.pdf, id=204, 361.35pt x 578.16pt>
File: Fig_J1-eps-converted-to.pdf Graphic file (type pdf)
<use Fig_J1-eps-converted-to.pdf>
Package pdftex.def Info: Fig_J1-eps-converted-to.pdf  used on input line 2678.
(pdftex.def)             Requested size: 361.34912pt x 578.15858pt.

Overfull \hbox (2.8444pt too wide) in paragraph at lines 2678--2679
 [][] 
 []


LaTeX Warning: Float too large for page by 40.65857pt on input line 2679.

Package epstopdf Info: Source file: <Fig_J2.eps>
(epstopdf)                    date: 2019-12-12 15:02:53
(epstopdf)                    size: 23093 bytes
(epstopdf)             Output file: <Fig_J2-eps-converted-to.pdf>
(epstopdf)                    date: 2020-11-17 15:01:37
(epstopdf)                    size: 13975 bytes
(epstopdf)             Command: <repstopdf --outfile=Fig_J2-eps-converted-to.pd
f Fig_J2.eps>
(epstopdf)             \includegraphics on input line 2686.
Package epstopdf Info: Output file is already uptodate.
<Fig_J2-eps-converted-to.pdf, id=205, 258.9675pt x 188.705pt>
File: Fig_J2-eps-converted-to.pdf Graphic file (type pdf)
<use Fig_J2-eps-converted-to.pdf>
Package pdftex.def Info: Fig_J2-eps-converted-to.pdf  used on input line 2686.
(pdftex.def)             Requested size: 388.45026pt x 283.0568pt.

Overfull \hbox (29.94554pt too wide) in paragraph at lines 2686--2687
 [][] 
 []

[20] [21] [22 <./Fig_J1-eps-converted-to.pdf>] [23 <./Fig_J2-eps-converted-to.p
df>] (./Trade_Tax_Revenue_Lashkaripour.aux)

LaTeX Font Warning: Size substitutions with differences
(Font)              up to 0.5pt have occurred.

 ) 
Here is how much of TeX's memory you used:
 7736 strings out of 492616
 117205 string characters out of 6129482
 202386 words of memory out of 5000000
 11455 multiletter control sequences out of 15000+600000
 52825 words of font info for 149 fonts, out of 8000000 for 9000
 1141 hyphenation exceptions out of 8191
 60i,21n,94p,2756b,489s stack positions out of 5000i,500n,10000p,200000b,80000s
 </Users/alashkar/Library/texlive/2019/texmf-var/fonts/pk/ljfour/public/bbm/b
bm9.600pk>{/usr/local/texlive/2019/texmf-dist/fonts/enc/dvips/cm-super/cm-super
-t1.enc}</usr/local/texlive/2019/texmf-dist/fonts/type1/public/amsfonts/cm/cmbx
8.pfb></usr/local/texlive/2019/texmf-dist/fonts/type1/public/amsfonts/cm/cmbx9.
pfb></usr/local/texlive/2019/texmf-dist/fonts/type1/public/amsfonts/cm/cmex10.p
fb></usr/local/texlive/2019/texmf-dist/fonts/type1/public/amsfonts/cmextra/cmex
7.pfb></usr/local/texlive/2019/texmf-dist/fonts/type1/public/amsfonts/cmextra/c
mex9.pfb></usr/local/texlive/2019/texmf-dist/fonts/type1/public/amsfonts/cm/cmm
i10.pfb></usr/local/texlive/2019/texmf-dist/fonts/type1/public/amsfonts/cm/cmmi
5.pfb></usr/local/texlive/2019/texmf-dist/fonts/type1/public/amsfonts/cm/cmmi6.
pfb></usr/local/texlive/2019/texmf-dist/fonts/type1/public/amsfonts/cm/cmmi7.pf
b></usr/local/texlive/2019/texmf-dist/fonts/type1/public/amsfonts/cm/cmmi8.pfb>
</usr/local/texlive/2019/texmf-dist/fonts/type1/public/amsfonts/cm/cmmi9.pfb></
usr/local/texlive/2019/texmf-dist/fonts/type1/public/amsfonts/cm/cmmib10.pfb></
usr/local/texlive/2019/texmf-dist/fonts/type1/public/amsfonts/cmextra/cmmib7.pf
b></usr/local/texlive/2019/texmf-dist/fonts/type1/public/amsfonts/cm/cmr10.pfb>
</usr/local/texlive/2019/texmf-dist/fonts/type1/public/amsfonts/cm/cmr5.pfb></u
sr/local/texlive/2019/texmf-dist/fonts/type1/public/amsfonts/cm/cmr6.pfb></usr/
local/texlive/2019/texmf-dist/fonts/type1/public/amsfonts/cm/cmr7.pfb></usr/loc
al/texlive/2019/texmf-dist/fonts/type1/public/amsfonts/cm/cmr8.pfb></usr/local/
texlive/2019/texmf-dist/fonts/type1/public/amsfonts/cm/cmr9.pfb></usr/local/tex
live/2019/texmf-dist/fonts/type1/public/amsfonts/cm/cmsy10.pfb></usr/local/texl
ive/2019/texmf-dist/fonts/type1/public/amsfonts/cm/cmsy5.pfb></usr/local/texliv
e/2019/texmf-dist/fonts/type1/public/amsfonts/cm/cmsy6.pfb></usr/local/texlive/
2019/texmf-dist/fonts/type1/public/amsfonts/cm/cmsy7.pfb></usr/local/texlive/20
19/texmf-dist/fonts/type1/public/amsfonts/cm/cmsy8.pfb></usr/local/texlive/2019
/texmf-dist/fonts/type1/public/amsfonts/cm/cmsy9.pfb></usr/local/texlive/2019/t
exmf-dist/fonts/type1/public/amsfonts/symbols/msbm10.pfb></usr/local/texlive/20
19/texmf-dist/fonts/type1/public/amsfonts/symbols/msbm7.pfb></usr/local/texlive
/2019/texmf-dist/fonts/type1/public/cm-super/sfbi0900.pfb></usr/local/texlive/2
019/texmf-dist/fonts/type1/public/cm-super/sfbi1000.pfb></usr/local/texlive/201
9/texmf-dist/fonts/type1/public/cm-super/sfbx0900.pfb></usr/local/texlive/2019/
texmf-dist/fonts/type1/public/cm-super/sfbx1000.pfb></usr/local/texlive/2019/te
xmf-dist/fonts/type1/public/cm-super/sfbx1200.pfb></usr/local/texlive/2019/texm
f-dist/fonts/type1/public/cm-super/sfcc0900.pfb></usr/local/texlive/2019/texmf-
dist/fonts/type1/public/cm-super/sfrm0700.pfb></usr/local/texlive/2019/texmf-di
st/fonts/type1/public/cm-super/sfrm0800.pfb></usr/local/texlive/2019/texmf-dist
/fonts/type1/public/cm-super/sfrm0900.pfb></usr/local/texlive/2019/texmf-dist/f
onts/type1/public/cm-super/sfrm1000.pfb></usr/local/texlive/2019/texmf-dist/fon
ts/type1/public/cm-super/sfsi0800.pfb></usr/local/texlive/2019/texmf-dist/fonts
/type1/public/cm-super/sfti0800.pfb></usr/local/texlive/2019/texmf-dist/fonts/t
ype1/public/cm-super/sfti0900.pfb></usr/local/texlive/2019/texmf-dist/fonts/typ
e1/public/cm-super/sfti1000.pfb>
Output written on Trade_Tax_Revenue_Lashkaripour.pdf (51 pages, 925809 bytes).
PDF statistics:
 364 PDF objects out of 1000 (max. 8388607)
 256 compressed objects within 3 object streams
 0 named destinations out of 1000 (max. 500000)
 26 words of extra memory for PDF output out of 10000 (max. 10000000)

