This is pdfTeX, Version 3.141592653-2.6-1.40.23 (TeX Live 2022/dev) (preloaded format=pdflatex 2023.6.6)  8 JUN 2023 20:14
entering extended mode
 restricted \write18 enabled.
 %&-line parsing enabled.
**Main_paper.tex
(./Main_paper.tex
LaTeX2e <2021-11-15> patch level 1
L3 programming layer <2022-02-24>
(/usr/local/texlive/2021/texmf-dist/tex/latex/aea/AEA.cls
Document Class: AEA 2011/07/24 American Economic Association Article Classes
(/usr/local/texlive/2021/texmf-dist/tex/latex/tools/multicol.sty
Package: multicol 2021/10/28 v1.9b multicolumn formatting (FMi)
\c@tracingmulticols=\count185
\mult@box=\box50
\multicol@leftmargin=\dimen138
\c@unbalance=\count186
\c@collectmore=\count187
\doublecol@number=\count188
\multicoltolerance=\count189
\multicolpretolerance=\count190
\full@width=\dimen139
\page@free=\dimen140
\premulticols=\dimen141
\postmulticols=\dimen142
\multicolsep=\skip47
\multicolbaselineskip=\skip48
\partial@page=\box51
\last@line=\box52
\maxbalancingoverflow=\dimen143
\mult@rightbox=\box53
\mult@grightbox=\box54
\mult@firstbox=\box55
\mult@gfirstbox=\box56
\@tempa=\box57
\@tempa=\box58
\@tempa=\box59
\@tempa=\box60
\@tempa=\box61
\@tempa=\box62
\@tempa=\box63
\@tempa=\box64
\@tempa=\box65
\@tempa=\box66
\@tempa=\box67
\@tempa=\box68
\@tempa=\box69
\@tempa=\box70
\@tempa=\box71
\@tempa=\box72
\@tempa=\box73
\@tempa=\box74
\@tempa=\box75
\@tempa=\box76
\@tempa=\box77
\@tempa=\box78
\@tempa=\box79
\@tempa=\box80
\@tempa=\box81
\@tempa=\box82
\@tempa=\box83
\@tempa=\box84
\@tempa=\box85
\@tempa=\box86
\@tempa=\box87
\@tempa=\box88
\@tempa=\box89
\@tempa=\box90
\@tempa=\box91
\@tempa=\box92
\c@minrows=\count191
\c@columnbadness=\count192
\c@finalcolumnbadness=\count193
\last@try=\dimen144
\multicolovershoot=\dimen145
\multicolundershoot=\dimen146
\mult@nat@firstbox=\box93
\colbreak@box=\box94
\mc@col@check@num=\count194
)
(/usr/local/texlive/2021/texmf-dist/tex/latex/setspace/setspace.sty
Package: setspace 2011/12/19 v6.7a set line spacing
)
(/usr/local/texlive/2021/texmf-dist/tex/latex/amsmath/amsmath.sty
Package: amsmath 2021/10/15 v2.17l AMS math features
\@mathmargin=\skip49

For additional information on amsmath, use the `?' option.
(/usr/local/texlive/2021/texmf-dist/tex/latex/amsmath/amstext.sty
Package: amstext 2021/08/26 v2.01 AMS text

(/usr/local/texlive/2021/texmf-dist/tex/latex/amsmath/amsgen.sty
File: amsgen.sty 1999/11/30 v2.0 generic functions
\@emptytoks=\toks16
\ex@=\dimen147
))
(/usr/local/texlive/2021/texmf-dist/tex/latex/amsmath/amsbsy.sty
Package: amsbsy 1999/11/29 v1.2d Bold Symbols
\pmbraise@=\dimen148
)
(/usr/local/texlive/2021/texmf-dist/tex/latex/amsmath/amsopn.sty
Package: amsopn 2021/08/26 v2.02 operator names
)
\inf@bad=\count195
LaTeX Info: Redefining \frac on input line 234.
\uproot@=\count196
\leftroot@=\count197
LaTeX Info: Redefining \overline on input line 399.
\classnum@=\count198
\DOTSCASE@=\count199
LaTeX Info: Redefining \ldots on input line 496.
LaTeX Info: Redefining \dots on input line 499.
LaTeX Info: Redefining \cdots on input line 620.
\Mathstrutbox@=\box95
\strutbox@=\box96
\big@size=\dimen149
LaTeX Font Info:    Redeclaring font encoding OML on input line 743.
LaTeX Font Info:    Redeclaring font encoding OMS on input line 744.
\macc@depth=\count266
\c@MaxMatrixCols=\count267
\dotsspace@=\muskip16
\c@parentequation=\count268
\dspbrk@lvl=\count269
\tag@help=\toks17
\row@=\count270
\column@=\count271
\maxfields@=\count272
\andhelp@=\toks18
\eqnshift@=\dimen150
\alignsep@=\dimen151
\tagshift@=\dimen152
\tagwidth@=\dimen153
\totwidth@=\dimen154
\lineht@=\dimen155
\@envbody=\toks19
\multlinegap=\skip50
\multlinetaggap=\skip51
\mathdisplay@stack=\toks20
LaTeX Info: Redefining \[ on input line 2938.
LaTeX Info: Redefining \] on input line 2939.
)
Journal Selected: THE AMERICAN ECONOMIC REVIEW
Mode Selected: final
\abstractIndent=\skip52
\abstractWidth=\skip53
\c@part=\count273
\c@section=\count274
\c@subsection=\count275
\c@subsubsection=\count276
\c@paragraph=\count277
\c@subparagraph=\count278
\c@figure=\count279
\c@table=\count280
\abovecaptionskip=\skip54
\belowcaptionskip=\skip55
\bibindent=\dimen156
) (/usr/local/texlive/2021/texmf-dist/tex/latex/base/inputenc.sty
Package: inputenc 2021/02/14 v1.3d Input encoding file
\inpenc@prehook=\toks21
\inpenc@posthook=\toks22

(/usr/local/texlive/2021/texmf-dist/tex/latex/base/latin9.def
File: latin9.def 2021/02/14 v1.3d Input encoding file
))
(/usr/local/texlive/2021/texmf-dist/tex/latex/graphics/color.sty
Package: color 2021/12/07 v1.3c Standard LaTeX Color (DPC)

(/usr/local/texlive/2021/texmf-dist/tex/latex/graphics-cfg/color.cfg
File: color.cfg 2016/01/02 v1.6 sample color configuration
)
Package color Info: Driver file: pdftex.def on input line 149.

(/usr/local/texlive/2021/texmf-dist/tex/latex/graphics-def/pdftex.def
File: pdftex.def 2020/10/05 v1.2a Graphics/color driver for pdftex
))
(/usr/local/texlive/2021/texmf-dist/tex/latex/units/units.sty
Package: units 1998/08/04 v0.9b Typesetting units

(/usr/local/texlive/2021/texmf-dist/tex/latex/base/ifthen.sty
Package: ifthen 2020/11/24 v1.1c Standard LaTeX ifthen package (DPC)
)
(/usr/local/texlive/2021/texmf-dist/tex/latex/units/nicefrac.sty
Package: nicefrac 1998/08/04 v0.9b Nice fractions
\L@UnitsRaiseDisplaystyle=\skip56
\L@UnitsRaiseTextstyle=\skip57
\L@UnitsRaiseScriptstyle=\skip58
))
(/usr/local/texlive/2021/texmf-dist/tex/latex/jknapltx/mathrsfs.sty
Package: mathrsfs 1996/01/01 Math RSFS package v1.0 (jk)
\symrsfs=\mathgroup4
)
(/usr/local/texlive/2021/texmf-dist/tex/latex/url/url.sty
\Urlmuskip=\muskip17
Package: url 2013/09/16  ver 3.4  Verb mode for urls, etc.
)
(/usr/local/texlive/2021/texmf-dist/tex/latex/amsfonts/amssymb.sty
Package: amssymb 2013/01/14 v3.01 AMS font symbols

(/usr/local/texlive/2021/texmf-dist/tex/latex/amsfonts/amsfonts.sty
Package: amsfonts 2013/01/14 v3.01 Basic AMSFonts support
\symAMSa=\mathgroup5
\symAMSb=\mathgroup6
LaTeX Font Info:    Redeclaring math symbol \hbar on input line 98.
LaTeX Font Info:    Overwriting math alphabet `\mathfrak' in version `bold'
(Font)                  U/euf/m/n --> U/euf/b/n on input line 106.
))
(/usr/local/texlive/2021/texmf-dist/tex/latex/graphics/graphicx.sty
Package: graphicx 2021/09/16 v1.2d Enhanced LaTeX Graphics (DPC,SPQR)

(/usr/local/texlive/2021/texmf-dist/tex/latex/graphics/keyval.sty
Package: keyval 2014/10/28 v1.15 key=value parser (DPC)
\KV@toks@=\toks23
)
(/usr/local/texlive/2021/texmf-dist/tex/latex/graphics/graphics.sty
Package: graphics 2021/03/04 v1.4d Standard LaTeX Graphics (DPC,SPQR)

(/usr/local/texlive/2021/texmf-dist/tex/latex/graphics/trig.sty
Package: trig 2021/08/11 v1.11 sin cos tan (DPC)
)
(/usr/local/texlive/2021/texmf-dist/tex/latex/graphics-cfg/graphics.cfg
File: graphics.cfg 2016/06/04 v1.11 sample graphics configuration
)
Package graphics Info: Driver file: pdftex.def on input line 107.
)
\Gin@req@height=\dimen157
\Gin@req@width=\dimen158
)
(/usr/local/texlive/2021/texmf-dist/tex/latex/natbib/natbib.sty
Package: natbib 2010/09/13 8.31b (PWD, AO)
\bibhang=\skip59
\bibsep=\skip60
LaTeX Info: Redefining \cite on input line 694.
\c@NAT@ctr=\count281
)
\c@lemma=\count282
\c@theorem=\count283
\c@conjecture=\count284
\c@proposition=\count285

(/usr/local/texlive/2021/texmf-dist/tex/latex/geometry/geometry.sty
Package: geometry 2020/01/02 v5.9 Page Geometry

(/usr/local/texlive/2021/texmf-dist/tex/generic/iftex/ifvtex.sty
Package: ifvtex 2019/10/25 v1.7 ifvtex legacy package. Use iftex instead.

(/usr/local/texlive/2021/texmf-dist/tex/generic/iftex/iftex.sty
Package: iftex 2022/02/03 v1.0f TeX engine tests
))
\Gm@cnth=\count286
\Gm@cntv=\count287
\c@Gm@tempcnt=\count288
\Gm@bindingoffset=\dimen159
\Gm@wd@mp=\dimen160
\Gm@odd@mp=\dimen161
\Gm@even@mp=\dimen162
\Gm@layoutwidth=\dimen163
\Gm@layoutheight=\dimen164
\Gm@layouthoffset=\dimen165
\Gm@layoutvoffset=\dimen166
\Gm@dimlist=\toks24
)
(/usr/local/texlive/2021/texmf-dist/tex/latex/hyperref/hyperref.sty
Package: hyperref 2022-02-21 v7.00n Hypertext links for LaTeX

(/usr/local/texlive/2021/texmf-dist/tex/generic/ltxcmds/ltxcmds.sty
Package: ltxcmds 2020-05-10 v1.25 LaTeX kernel commands for general use (HO)
)
(/usr/local/texlive/2021/texmf-dist/tex/generic/pdftexcmds/pdftexcmds.sty
Package: pdftexcmds 2020-06-27 v0.33 Utility functions of pdfTeX for LuaTeX (HO
)

(/usr/local/texlive/2021/texmf-dist/tex/generic/infwarerr/infwarerr.sty
Package: infwarerr 2019/12/03 v1.5 Providing info/warning/error messages (HO)
)
Package pdftexcmds Info: \pdf@primitive is available.
Package pdftexcmds Info: \pdf@ifprimitive is available.
Package pdftexcmds Info: \pdfdraftmode found.
)
(/usr/local/texlive/2021/texmf-dist/tex/generic/kvsetkeys/kvsetkeys.sty
Package: kvsetkeys 2019/12/15 v1.18 Key value parser (HO)
)
(/usr/local/texlive/2021/texmf-dist/tex/generic/kvdefinekeys/kvdefinekeys.sty
Package: kvdefinekeys 2019-12-19 v1.6 Define keys (HO)
)
(/usr/local/texlive/2021/texmf-dist/tex/generic/pdfescape/pdfescape.sty
Package: pdfescape 2019/12/09 v1.15 Implements pdfTeX's escape features (HO)
)
(/usr/local/texlive/2021/texmf-dist/tex/latex/hycolor/hycolor.sty
Package: hycolor 2020-01-27 v1.10 Color options for hyperref/bookmark (HO)
)
(/usr/local/texlive/2021/texmf-dist/tex/latex/letltxmacro/letltxmacro.sty
Package: letltxmacro 2019/12/03 v1.6 Let assignment for LaTeX macros (HO)
)
(/usr/local/texlive/2021/texmf-dist/tex/latex/auxhook/auxhook.sty
Package: auxhook 2019-12-17 v1.6 Hooks for auxiliary files (HO)
)
(/usr/local/texlive/2021/texmf-dist/tex/latex/kvoptions/kvoptions.sty
Package: kvoptions 2020-10-07 v3.14 Key value format for package options (HO)
)
\@linkdim=\dimen167
\Hy@linkcounter=\count289
\Hy@pagecounter=\count290

(/usr/local/texlive/2021/texmf-dist/tex/latex/hyperref/pd1enc.def
File: pd1enc.def 2022-02-21 v7.00n Hyperref: PDFDocEncoding definition (HO)
Now handling font encoding PD1 ...
... no UTF-8 mapping file for font encoding PD1
)
(/usr/local/texlive/2021/texmf-dist/tex/generic/intcalc/intcalc.sty
Package: intcalc 2019/12/15 v1.3 Expandable calculations with integers (HO)
)
(/usr/local/texlive/2021/texmf-dist/tex/generic/etexcmds/etexcmds.sty
Package: etexcmds 2019/12/15 v1.7 Avoid name clashes with e-TeX commands (HO)
)
\Hy@SavedSpaceFactor=\count291

(/usr/local/texlive/2021/texmf-dist/tex/latex/hyperref/puenc.def
File: puenc.def 2022-02-21 v7.00n Hyperref: PDF Unicode definition (HO)
Now handling font encoding PU ...
... no UTF-8 mapping file for font encoding PU
)
Package hyperref Info: Hyper figures OFF on input line 4137.
Package hyperref Info: Link nesting OFF on input line 4142.
Package hyperref Info: Hyper index ON on input line 4145.
Package hyperref Info: Plain pages OFF on input line 4152.
Package hyperref Info: Backreferencing OFF on input line 4157.
Package hyperref Info: Implicit mode ON; LaTeX internals redefined.
Package hyperref Info: Bookmarks ON on input line 4390.
\c@Hy@tempcnt=\count292
LaTeX Info: Redefining \url on input line 4749.
\XeTeXLinkMargin=\dimen168

(/usr/local/texlive/2021/texmf-dist/tex/generic/bitset/bitset.sty
Package: bitset 2019/12/09 v1.3 Handle bit-vector datatype (HO)

(/usr/local/texlive/2021/texmf-dist/tex/generic/bigintcalc/bigintcalc.sty
Package: bigintcalc 2019/12/15 v1.5 Expandable calculations on big integers (HO
)
))
\Fld@menulength=\count293
\Field@Width=\dimen169
\Fld@charsize=\dimen170
Package hyperref Info: Hyper figures OFF on input line 6027.
Package hyperref Info: Link nesting OFF on input line 6032.
Package hyperref Info: Hyper index ON on input line 6035.
Package hyperref Info: backreferencing OFF on input line 6042.
Package hyperref Info: Link coloring OFF on input line 6047.
Package hyperref Info: Link coloring with OCG OFF on input line 6052.
Package hyperref Info: PDF/A mode OFF on input line 6057.
LaTeX Info: Redefining \ref on input line 6097.
LaTeX Info: Redefining \pageref on input line 6101.

(/usr/local/texlive/2021/texmf-dist/tex/latex/base/atbegshi-ltx.sty
Package: atbegshi-ltx 2021/01/10 v1.0c Emulation of the original atbegshi
package with kernel methods
)
\Hy@abspage=\count294
\c@Item=\count295
\c@Hfootnote=\count296
)
Package hyperref Info: Driver (autodetected): hpdftex.

(/usr/local/texlive/2021/texmf-dist/tex/latex/hyperref/hpdftex.def
File: hpdftex.def 2022-02-21 v7.00n Hyperref driver for pdfTeX

(/usr/local/texlive/2021/texmf-dist/tex/latex/base/atveryend-ltx.sty
Package: atveryend-ltx 2020/08/19 v1.0a Emulation of the original atveryend pac
kage
with kernel methods
)
\Fld@listcount=\count297
\c@bookmark@seq@number=\count298

(/usr/local/texlive/2021/texmf-dist/tex/latex/rerunfilecheck/rerunfilecheck.sty
Package: rerunfilecheck 2019/12/05 v1.9 Rerun checks for auxiliary files (HO)

(/usr/local/texlive/2021/texmf-dist/tex/generic/uniquecounter/uniquecounter.sty
Package: uniquecounter 2019/12/15 v1.4 Provide unlimited unique counter (HO)
)
Package uniquecounter Info: New unique counter `rerunfilecheck' on input line 2
86.
)
\Hy@SectionHShift=\skip61
) (/usr/local/texlive/2021/texmf-dist/tex/latex/tools/array.sty
Package: array 2021/10/04 v2.5f Tabular extension package (FMi)
\col@sep=\dimen171
\ar@mcellbox=\box97
\extrarowheight=\dimen172
\NC@list=\toks25
\extratabsurround=\skip62
\backup@length=\skip63
\ar@cellbox=\box98
)
(/usr/local/texlive/2021/texmf-dist/tex/latex/footmisc/footmisc.sty
Package: footmisc 2022/03/08 v6.0d a miscellany of footnote facilities
\FN@temptoken=\toks26
\footnotemargin=\dimen173
\@outputbox@depth=\dimen174
Package footmisc Info: Declaring symbol style bringhurst on input line 695.
Package footmisc Info: Declaring symbol style chicago on input line 703.
Package footmisc Info: Declaring symbol style wiley on input line 712.
Package footmisc Info: Declaring symbol style lamport-robust on input line 723.

Package footmisc Info: Declaring symbol style lamport* on input line 743.
Package footmisc Info: Declaring symbol style lamport*-robust on input line 764
.
)
(/usr/local/texlive/2021/texmf-dist/tex/latex/adjustbox/adjustbox.sty
Package: adjustbox 2020/08/19 v1.3 Adjusting TeX boxes (trim, clip, ...)

(/usr/local/texlive/2021/texmf-dist/tex/latex/xkeyval/xkeyval.sty
Package: xkeyval 2020/11/20 v2.8 package option processing (HA)

(/usr/local/texlive/2021/texmf-dist/tex/generic/xkeyval/xkeyval.tex
(/usr/local/texlive/2021/texmf-dist/tex/generic/xkeyval/xkvutils.tex
\XKV@toks=\toks27
\XKV@tempa@toks=\toks28
)
\XKV@depth=\count299
File: xkeyval.tex 2014/12/03 v2.7a key=value parser (HA)
))
(/usr/local/texlive/2021/texmf-dist/tex/latex/adjustbox/adjcalc.sty
Package: adjcalc 2012/05/16 v1.1 Provides advanced setlength with multiple back
-ends (calc, etex, pgfmath)
)
(/usr/local/texlive/2021/texmf-dist/tex/latex/adjustbox/trimclip.sty
Package: trimclip 2020/08/19 v1.2 Trim and clip general TeX material

(/usr/local/texlive/2021/texmf-dist/tex/latex/collectbox/collectbox.sty
Package: collectbox 2012/05/17 v0.4b Collect macro arguments as boxes
\collectedbox=\box99
)
\tc@llx=\dimen175
\tc@lly=\dimen176
\tc@urx=\dimen177
\tc@ury=\dimen178
Package trimclip Info: Using driver 'tc-pdftex.def'.

(/usr/local/texlive/2021/texmf-dist/tex/latex/adjustbox/tc-pdftex.def
File: tc-pdftex.def 2019/01/04 v2.2 Clipping driver for pdftex
))
\adjbox@Width=\dimen179
\adjbox@Height=\dimen180
\adjbox@Depth=\dimen181
\adjbox@Totalheight=\dimen182
\adjbox@pwidth=\dimen183
\adjbox@pheight=\dimen184
\adjbox@pdepth=\dimen185
\adjbox@ptotalheight=\dimen186

(/usr/local/texlive/2021/texmf-dist/tex/latex/ifoddpage/ifoddpage.sty
Package: ifoddpage 2016/04/23 v1.1 Conditionals for odd/even page detection
\c@checkoddpage=\count300
)
(/usr/local/texlive/2021/texmf-dist/tex/latex/varwidth/varwidth.sty
Package: varwidth 2009/03/30 ver 0.92;  Variable-width minipages
\@vwid@box=\box100
\sift@deathcycles=\count301
\@vwid@loff=\dimen187
\@vwid@roff=\dimen188
))
(/usr/local/texlive/2021/texmf-dist/tex/latex/enumitem/enumitem.sty
Package: enumitem 2019/06/20 v3.9 Customized lists
\labelindent=\skip64
\enit@outerparindent=\dimen189
\enit@toks=\toks29
\enit@inbox=\box101
\enit@count@id=\count302
\enitdp@description=\count303
)
(/usr/local/texlive/2021/texmf-dist/tex/latex/changepage/changepage.sty
Package: changepage 2009/10/20 v1.0c check page and change page layout
\c@cp@cntr=\count304
\cp@tempcnt=\count305
LaTeX Info: Redefining \checkoddpage on input line 59.
)
\c@parentnumber=\count306

(/usr/local/texlive/2021/texmf-dist/tex/latex/booktabs/booktabs.sty
Package: booktabs 2020/01/12 v1.61803398 Publication quality tables
\heavyrulewidth=\dimen190
\lightrulewidth=\dimen191
\cmidrulewidth=\dimen192
\belowrulesep=\dimen193
\belowbottomsep=\dimen194
\aboverulesep=\dimen195
\abovetopsep=\dimen196
\cmidrulesep=\dimen197
\cmidrulekern=\dimen198
\defaultaddspace=\dimen199
\@cmidla=\count307
\@cmidlb=\count308
\@aboverulesep=\dimen256
\@belowrulesep=\dimen257
\@thisruleclass=\count309
\@lastruleclass=\count310
\@thisrulewidth=\dimen258
)
(/usr/local/texlive/2021/texmf-dist/tex/latex/multirow/multirow.sty
Package: multirow 2021/03/15 v2.8 Span multiple rows of a table
\multirow@colwidth=\skip65
\multirow@cntb=\count311
\multirow@dima=\skip66
\bigstrutjot=\dimen259
)
(/usr/local/texlive/2021/texmf-dist/tex/latex/bbm-macros/bbm.sty
Package: bbm 1999/03/15 V 1.2 provides fonts for set symbols - TH
LaTeX Font Info:    Overwriting math alphabet `\mathbbm' in version `bold'
(Font)                  U/bbm/m/n --> U/bbm/bx/n on input line 33.
LaTeX Font Info:    Overwriting math alphabet `\mathbbmss' in version `bold'
(Font)                  U/bbmss/m/n --> U/bbmss/bx/n on input line 35.
)
(/usr/local/texlive/2021/texmf-dist/tex/latex/tools/xr.sty
Package: xr 2020-05-10 v5.06 eXternal References (DPC)
)
Package xr Info: IMPORTING LABELS FROM Online_Appendix.aux on input line 87.

(/usr/local/texlive/2021/texmf-dist/tex/generic/babel/babel.sty
Package: babel 2022/02/26 3.73 The Babel package
\babel@savecnt=\count312
\U@D=\dimen260
\l@unhyphenated=\language87

(/usr/local/texlive/2021/texmf-dist/tex/generic/babel/txtbabel.def)
\bbl@readstream=\read2
\bbl@dirlevel=\count313

(/usr/local/texlive/2021/texmf-dist/tex/generic/babel-english/english.ldf
Language: english 2017/06/06 v3.3r English support from the babel system
Package babel Info: Hyphen rules for 'canadian' set to \l@english
(babel)             (\language0). Reported on input line 102.
Package babel Info: Hyphen rules for 'australian' set to \l@ukenglish
(babel)             (\language21). Reported on input line 105.
Package babel Info: Hyphen rules for 'newzealand' set to \l@ukenglish
(babel)             (\language21). Reported on input line 108.
))
(/usr/local/texlive/2021/texmf-dist/tex/latex/l3backend/l3backend-pdftex.def
File: l3backend-pdftex.def 2022-02-07 L3 backend support: PDF output (pdfTeX)
\l__color_backend_stack_int=\count314
\l__pdf_internal_box=\box102
)
(./Main_paper.aux

Package natbib Warning: Citation `adao2019shift' multiply defined.


Package natbib Warning: Citation `AngrsitEtAl96' multiply defined.


Package natbib Warning: Citation `bagwell2001domestic' multiply defined.


Package natbib Warning: Citation `bagwell2004economics' multiply defined.


Package natbib Warning: Citation `baqaee2019networks' multiply defined.


Package natbib Warning: Citation `BCDR2017' multiply defined.


Package natbib Warning: Citation `Berry1995' multiply defined.


Package natbib Warning: Citation `Berry1994' multiply defined.


Package natbib Warning: Citation `boehm2020long' multiply defined.


Package natbib Warning: Citation `caliendo2014estimates' multiply defined.


Package natbib Warning: Citation `costinot2014trade' multiply defined.


Package natbib Warning: Citation `costinot2015comparative' multiply defined.


Package natbib Warning: Citation `de2012markups' multiply defined.


Package natbib Warning: Citation `demidova2009trade' multiply defined.


Package natbib Warning: Citation `dixit1980theory' multiply defined.


Package natbib Warning: Citation `Eaton2002' multiply defined.


Package natbib Warning: Citation `gros1987note' multiply defined.


Package natbib Warning: Citation `hicks1939foundations' multiply defined.


Package natbib Warning: Citation `kaldor1939welfare' multiply defined.


Package natbib Warning: Citation `Krugman1980' multiply defined.


Package natbib Warning: Citation `kucheryavyy2023grounded' multiply defined.


Package natbib Warning: Citation `lashkaripour2020cost' multiply defined.


Package natbib Warning: Citation `Melitz2003' multiply defined.


Package natbib Warning: Citation `ossa2011new' multiply defined.


Package natbib Warning: Citation `ossa2014trade' multiply defined.


Package natbib Warning: Citation `ossa2016quantitative' multiply defined.


Package natbib Warning: Citation `ramondo2016trade' multiply defined.


Package natbib Warning: Citation `timmer2015illustrated' multiply defined.


Package natbib Warning: Citation `wu2013approximate' multiply defined.

)
\openout1 = `Main_paper.aux'.

LaTeX Font Info:    Checking defaults for OML/cmm/m/it on input line 97.
LaTeX Font Info:    ... okay on input line 97.
LaTeX Font Info:    Checking defaults for OMS/cmsy/m/n on input line 97.
LaTeX Font Info:    ... okay on input line 97.
LaTeX Font Info:    Checking defaults for OT1/cmr/m/n on input line 97.
LaTeX Font Info:    ... okay on input line 97.
LaTeX Font Info:    Checking defaults for T1/cmr/m/n on input line 97.
LaTeX Font Info:    ... okay on input line 97.
LaTeX Font Info:    Checking defaults for TS1/cmr/m/n on input line 97.
LaTeX Font Info:    ... okay on input line 97.
LaTeX Font Info:    Checking defaults for OMX/cmex/m/n on input line 97.
LaTeX Font Info:    ... okay on input line 97.
LaTeX Font Info:    Checking defaults for U/cmr/m/n on input line 97.
LaTeX Font Info:    ... okay on input line 97.
LaTeX Font Info:    Checking defaults for PD1/pdf/m/n on input line 97.
LaTeX Font Info:    ... okay on input line 97.
LaTeX Font Info:    Checking defaults for PU/pdf/m/n on input line 97.
LaTeX Font Info:    ... okay on input line 97.
 (/usr/local/texlive/2021/texmf-dist/tex/context/base/mkii/supp-pdf.mkii
[Loading MPS to PDF converter (version 2006.09.02).]
\scratchcounter=\count315
\scratchdimen=\dimen261
\scratchbox=\box103
\nofMPsegments=\count316
\nofMParguments=\count317
\everyMPshowfont=\toks30
\MPscratchCnt=\count318
\MPscratchDim=\dimen262
\MPnumerator=\count319
\makeMPintoPDFobject=\count320
\everyMPtoPDFconversion=\toks31
) (/usr/local/texlive/2021/texmf-dist/tex/latex/epstopdf-pkg/epstopdf-base.sty
Package: epstopdf-base 2020-01-24 v2.11 Base part for package epstopdf
Package epstopdf-base Info: Redefining graphics rule for `.eps' on input line 4
85.

(/usr/local/texlive/2021/texmf-dist/tex/latex/latexconfig/epstopdf-sys.cfg
File: epstopdf-sys.cfg 2010/07/13 v1.3 Configuration of (r)epstopdf for TeX Liv
e
))
*geometry* driver: auto-detecting
*geometry* detected driver: pdftex
*geometry* verbose mode - [ preamble ] result:
* driver: pdftex
* paper: <default>
* layout: <same size as paper>
* layoutoffset:(h,v)=(0.0pt,0.0pt)
* modes: twoside asymmetric 
* h-part:(L,W,R)=(72.26999pt, 469.75502pt, 72.26999pt)
* v-part:(T,H,B)=(72.26999pt, 650.43001pt, 72.26999pt)
* \paperwidth=614.295pt
* \paperheight=794.96999pt
* \textwidth=469.75502pt
* \textheight=650.43001pt
* \oddsidemargin=0.0pt
* \evensidemargin=0.0pt
* \topmargin=-38.0pt
* \headheight=24.0pt
* \headsep=14.0pt
* \topskip=11.74pt
* \footskip=15.0pt
* \marginparwidth=0.0pt
* \marginparsep=0.0pt
* \columnsep=0.0pt
* \skip\footins=15.0pt plus 2.0pt minus 2.0pt
* \hoffset=0.0pt
* \voffset=0.0pt
* \mag=1000
* \@twocolumnfalse
* \@twosidetrue
* \@mparswitchfalse
* \@reversemarginfalse
* (1in=72.27pt=25.4mm, 1cm=28.453pt)

Package hyperref Info: Link coloring OFF on input line 97.
(/usr/local/texlive/2021/texmf-dist/tex/latex/hyperref/nameref.sty
Package: nameref 2021-04-02 v2.47 Cross-referencing by name of section

(/usr/local/texlive/2021/texmf-dist/tex/latex/refcount/refcount.sty
Package: refcount 2019/12/15 v3.6 Data extraction from label references (HO)
)
(/usr/local/texlive/2021/texmf-dist/tex/generic/gettitlestring/gettitlestring.s
ty
Package: gettitlestring 2019/12/15 v1.6 Cleanup title references (HO)
)
\c@section@level=\count321
)
LaTeX Info: Redefining \ref on input line 97.
LaTeX Info: Redefining \pageref on input line 97.
LaTeX Info: Redefining \nameref on input line 97.
 (./Main_paper.out) (./Main_paper.out)
\@outlinefile=\write3
\openout3 = `Main_paper.out'.

LaTeX Font Info:    Trying to load font information for U+rsfs on input line 11
7.

(/usr/local/texlive/2021/texmf-dist/tex/latex/jknapltx/ursfs.fd
File: ursfs.fd 1998/03/24 rsfs font definition file (jk)
)
LaTeX Font Info:    Trying to load font information for U+msa on input line 117
.

(/usr/local/texlive/2021/texmf-dist/tex/latex/amsfonts/umsa.fd
File: umsa.fd 2013/01/14 v3.01 AMS symbols A
)
LaTeX Font Info:    Trying to load font information for U+msb on input line 117
.

(/usr/local/texlive/2021/texmf-dist/tex/latex/amsfonts/umsb.fd
File: umsb.fd 2013/01/14 v3.01 AMS symbols B
)
Underfull \hbox (badness 10000) in paragraph at lines 117--117
[][]\OT1/cmr/m/n/8 Lashkaripour: In-di-ana Uni-ver-sity (email: ah-madlp@gmail.
com); Lu-gov-skyy: In-di-ana Uni-ver-sity
 []

[1

{/Users/ahmadlp/Library/texlive/2021/texmf-var/fonts/map/pdftex/updmap/pdftex.m
ap}] [2]
Overfull \hbox (18.65547pt too wide) has occurred while \output is active
\OT1/cmr/m/it/8 VOL. VOLUME  NO. ISSUE PROFITS, SCALE ECONOMIES, AND THE GAINS 
FROM TRADE AND INDUSTRIAL POLICY 3
 []

[3] [4]
Overfull \hbox (18.65547pt too wide) has occurred while \output is active
\OT1/cmr/m/it/8 VOL. VOLUME  NO. ISSUE PROFITS, SCALE ECONOMIES, AND THE GAINS 
FROM TRADE AND INDUSTRIAL POLICY 5
 []

[5] [6]
Overfull \hbox (18.65547pt too wide) has occurred while \output is active
\OT1/cmr/m/it/8 VOL. VOLUME  NO. ISSUE PROFITS, SCALE ECONOMIES, AND THE GAINS 
FROM TRADE AND INDUSTRIAL POLICY 7
 []

[7] [8]
Overfull \hbox (18.65547pt too wide) has occurred while \output is active
\OT1/cmr/m/it/8 VOL. VOLUME  NO. ISSUE PROFITS, SCALE ECONOMIES, AND THE GAINS 
FROM TRADE AND INDUSTRIAL POLICY 9
 []

[9] [10]
Overfull \hbox (23.04437pt too wide) has occurred while \output is active
\OT1/cmr/m/it/8 VOL. VOLUME  NO. ISSUE PROFITS, SCALE ECONOMIES, AND THE GAINS 
FROM TRADE AND INDUSTRIAL POLICY 11
 []

[11]
Overfull \hbox (0.52238pt too wide) in paragraph at lines 918--928
\OT1/cmr/m/n/10.95 where $\OML/cmm/m/it/10.95 r[] \OMS/cmsy/m/n/10.95 ^^Q []$ \
OT1/cmr/m/n/10.95 and $\OML/cmm/m/it/10.95 ^^Z[] \OMS/cmsy/m/n/10.95 ^^Q []$ \O
T1/cmr/m/n/10.95 re-spec-tively de-note the \OT1/cmr/m/it/10.95 good-specific \
OT1/cmr/m/n/10.95 and \OT1/cmr/m/it/10.95 industry-
 []

[12]
Overfull \hbox (14.36827pt too wide) detected at line 966
[][]\OML/cmm/m/it/10.95 ![] \OMS/cmsy/m/n/10.95 ^^Y [] \OML/cmm/m/it/10.95 :
 []


Overfull \hbox (23.04437pt too wide) has occurred while \output is active
\OT1/cmr/m/it/8 VOL. VOLUME  NO. ISSUE PROFITS, SCALE ECONOMIES, AND THE GAINS 
FROM TRADE AND INDUSTRIAL POLICY 13
 []

[13] [14]
LaTeX Font Info:    Trying to load font information for U+bbm on input line 114
5.
 (/usr/local/texlive/2021/texmf-dist/tex/latex/bbm-macros/ubbm.fd
File: ubbm.fd 1999/03/15 V 1.2 Font definition for bbm font - TH
)
Overfull \hbox (23.04437pt too wide) has occurred while \output is active
\OT1/cmr/m/it/8 VOL. VOLUME  NO. ISSUE PROFITS, SCALE ECONOMIES, AND THE GAINS 
FROM TRADE AND INDUSTRIAL POLICY 15
 []

[15] [16]
Underfull \hbox (badness 10000) in paragraph at lines 1261--1267

 []


Overfull \hbox (23.04437pt too wide) has occurred while \output is active
\OT1/cmr/m/it/8 VOL. VOLUME  NO. ISSUE PROFITS, SCALE ECONOMIES, AND THE GAINS 
FROM TRADE AND INDUSTRIAL POLICY 17
 []

[17] [18]

LaTeX Font Warning: Font shape `OT1/cmr/m/scit' undefined
(Font)              using `OT1/cmr/m/it' instead on input line 1401.


LaTeX Font Warning: Font shape `OT1/cmr/m/scit' undefined
(Font)              using `OT1/cmr/m/it' instead on input line 1401.

<matlab_output/Figure_1A.pdf, id=590, 487.8225pt x 412.54124pt>
File: matlab_output/Figure_1A.pdf Graphic file (type pdf)
<use matlab_output/Figure_1A.pdf>
Package pdftex.def Info: matlab_output/Figure_1A.pdf  used on input line 1404.
(pdftex.def)             Requested size: 219.5181pt x 185.64185pt.
<matlab_output/Figure_1B.pdf, id=591, 541.02126pt x 413.545pt>
File: matlab_output/Figure_1B.pdf Graphic file (type pdf)
<use matlab_output/Figure_1B.pdf>
Package pdftex.def Info: matlab_output/Figure_1B.pdf  used on input line 1404.
(pdftex.def)             Requested size: 243.4573pt x 186.09352pt.

Overfull \hbox (3.22038pt too wide) in paragraph at lines 1404--1405
 []| [] 
 []


Overfull \hbox (23.04437pt too wide) has occurred while \output is active
\OT1/cmr/m/it/8 VOL. VOLUME  NO. ISSUE PROFITS, SCALE ECONOMIES, AND THE GAINS 
FROM TRADE AND INDUSTRIAL POLICY 19
 []

[19 <./matlab_output/Figure_1A.pdf> <./matlab_output/Figure_1B.pdf>] [20]
Overfull \hbox (23.04437pt too wide) has occurred while \output is active
\OT1/cmr/m/it/8 VOL. VOLUME  NO. ISSUE PROFITS, SCALE ECONOMIES, AND THE GAINS 
FROM TRADE AND INDUSTRIAL POLICY 21
 []

[21] [22]
Overfull \hbox (23.04437pt too wide) has occurred while \output is active
\OT1/cmr/m/it/8 VOL. VOLUME  NO. ISSUE PROFITS, SCALE ECONOMIES, AND THE GAINS 
FROM TRADE AND INDUSTRIAL POLICY 23
 []

[23]
Underfull \hbox (badness 10000) in paragraph at lines 1810--1821

 []


Overfull \vbox (0.21088pt too high) has occurred while \output is active []


[24]
Underfull \hbox (badness 10000) in paragraph at lines 1830--1849

 []


Overfull \hbox (23.04437pt too wide) has occurred while \output is active
\OT1/cmr/m/it/8 VOL. VOLUME  NO. ISSUE PROFITS, SCALE ECONOMIES, AND THE GAINS 
FROM TRADE AND INDUSTRIAL POLICY 25
 []

[25]
Overfull \hbox (29.71559pt too wide) in paragraph at lines 1917--1928
\OT1/cmr/m/n/10.95 Stated ver-bally, $\OML/cmm/m/it/10.95 z[]\OT1/cmr/m/n/10.95
 (\OML/cmm/m/it/10.95 !\OT1/cmr/m/n/10.95 )$ mea-sures ex-po-sure to ex-change 
rate fluc-tu-a-tions at the \OT1/cmr/m/it/10.95 firm$\OMS/cmsy/m/n/10.95 ^^B$\O
T1/cmr/m/it/10.95 origin$\OMS/cmsy/m/n/10.95 ^^B$\OT1/cmr/m/it/10.95 product$\O
MS/cmsy/m/n/10.95 ^^B$\OT1/cmr/m/it/10.95 year
 []

[26]
Overfull \hbox (54.98433pt too wide) in paragraph at lines 2018--2092
[][]
 []


Overfull \hbox (23.04437pt too wide) has occurred while \output is active
\OT1/cmr/m/it/8 VOL. VOLUME  NO. ISSUE PROFITS, SCALE ECONOMIES, AND THE GAINS 
FROM TRADE AND INDUSTRIAL POLICY 27
 []

[27] [28]
Overfull \hbox (23.04437pt too wide) has occurred while \output is active
\OT1/cmr/m/it/8 VOL. VOLUME  NO. ISSUE PROFITS, SCALE ECONOMIES, AND THE GAINS 
FROM TRADE AND INDUSTRIAL POLICY 29
 []

[29] [30]
Overfull \hbox (19.12183pt too wide) detected at line 2319
[]
 []


Overfull \hbox (23.04437pt too wide) has occurred while \output is active
\OT1/cmr/m/it/8 VOL. VOLUME  NO. ISSUE PROFITS, SCALE ECONOMIES, AND THE GAINS 
FROM TRADE AND INDUSTRIAL POLICY 31
 []

[31] [32]
Overfull \hbox (17.95569pt too wide) in paragraph at lines 2423--2424
[][] 
 []


Overfull \hbox (27.78125pt too wide) in paragraph at lines 2425--2438
[][] 
 []


LaTeX Warning: Float too large for page by 57.80342pt on input line 2440.


LaTeX Font Warning: Font shape `OT1/cmr/m/scit' undefined
(Font)              using `OT1/cmr/m/it' instead on input line 2485.


Overfull \hbox (23.04437pt too wide) has occurred while \output is active
\OT1/cmr/m/it/8 VOL. VOLUME  NO. ISSUE PROFITS, SCALE ECONOMIES, AND THE GAINS 
FROM TRADE AND INDUSTRIAL POLICY 33
 []

[33]
<stata_output/Figure_2.pdf, id=993, 578.16pt x 722.7pt>
File: stata_output/Figure_2.pdf Graphic file (type pdf)
<use stata_output/Figure_2.pdf>
Package pdftex.def Info: stata_output/Figure_2.pdf  used on input line 2587.
(pdftex.def)             Requested size: 491.43832pt x 614.2979pt.

Overfull \hbox (21.6833pt too wide) in paragraph at lines 2587--2588
 [] 
 []


LaTeX Warning: Float too large for page by 53.8903pt on input line 2604.

[34]
<stata_output/Figure_3A.pdf, id=1011, 361.35pt x 361.35pt>
File: stata_output/Figure_3A.pdf Graphic file (type pdf)
<use stata_output/Figure_3A.pdf>
Package pdftex.def Info: stata_output/Figure_3A.pdf  used on input line 2669.
(pdftex.def)             Requested size: 234.87471pt x 234.87471pt.
<stata_output/Figure_3B.pdf, id=1012, 361.35pt x 361.35pt>
File: stata_output/Figure_3B.pdf Graphic file (type pdf)
<use stata_output/Figure_3B.pdf>
Package pdftex.def Info: stata_output/Figure_3B.pdf  used on input line 2669.
(pdftex.def)             Requested size: 234.87471pt x 234.87471pt.

Overfull \hbox (23.04437pt too wide) has occurred while \output is active
\OT1/cmr/m/it/8 VOL. VOLUME  NO. ISSUE PROFITS, SCALE ECONOMIES, AND THE GAINS 
FROM TRADE AND INDUSTRIAL POLICY 35
 []

[35] (./Main_paper.bbl [36]
Overfull \hbox (23.04437pt too wide) has occurred while \output is active
\OT1/cmr/m/it/8 VOL. VOLUME  NO. ISSUE PROFITS, SCALE ECONOMIES, AND THE GAINS 
FROM TRADE AND INDUSTRIAL POLICY 37
 []

[37] [38])

Package natbib Warning: There were multiply defined citations.


Overfull \hbox (23.04437pt too wide) has occurred while \output is active
\OT1/cmr/m/it/8 VOL. VOLUME  NO. ISSUE PROFITS, SCALE ECONOMIES, AND THE GAINS 
FROM TRADE AND INDUSTRIAL POLICY 39
 []

[39] [40]
Overfull \hbox (23.04437pt too wide) has occurred while \output is active
\OT1/cmr/m/it/8 VOL. VOLUME  NO. ISSUE PROFITS, SCALE ECONOMIES, AND THE GAINS 
FROM TRADE AND INDUSTRIAL POLICY 41
 []

[41] [42 <./stata_output/Figure_2.pdf>]
Overfull \hbox (23.04437pt too wide) has occurred while \output is active
\OT1/cmr/m/it/8 VOL. VOLUME  NO. ISSUE PROFITS, SCALE ECONOMIES, AND THE GAINS 
FROM TRADE AND INDUSTRIAL POLICY 43
 []

[43 <./stata_output/Figure_3A.pdf> <./stata_output/Figure_3B.pdf>]
(./Main_paper.aux)
Package rerunfilecheck Info: File `Main_paper.out' has not changed.
(rerunfilecheck)             Checksum: 3AE2F9024F8A98242EABBA31C6671545;8115.
 ) 
Here is how much of TeX's memory you used:
 14483 strings out of 478276
 236733 string characters out of 5846491
 586881 words of memory out of 5000000
 32127 multiletter control sequences out of 15000+600000
 487807 words of font info for 99 fonts, out of 8000000 for 9000
 1141 hyphenation exceptions out of 8191
 69i,18n,76p,4055b,625s stack positions out of 5000i,500n,10000p,200000b,80000s
pdfTeX warning (dest): name{appendix.X} has been referenced but does not exis
t, replaced by a fixed one

pdfTeX warning (dest): name{figure.caption.20} has been referenced but does not
 exist, replaced by a fixed one

pdfTeX warning (dest): name{appendix.Z} has been referenced but does not exist,
 replaced by a fixed one

pdfTeX warning (dest): name{figure.caption.15} has been referenced but does not
 exist, replaced by a fixed one

pdfTeX warning (dest): name{figure.caption.14} has been referenced but does not
 exist, replaced by a fixed one

pdfTeX warning (dest): name{appendix.V} has been referenced but does not exist,
 replaced by a fixed one

pdfTeX warning (dest): name{appendix.T} has been referenced but does not exist,
 replaced by a fixed one

pdfTeX warning (dest): name{table.caption.12} has been referenced but does not 
exist, replaced by a fixed one

pdfTeX warning (dest): name{appendix.S} has been referenced but does not exist,
 replaced by a fixed one

pdfTeX warning (dest): name{figure.caption.7} has been referenced but does not 
exist, replaced by a fixed one

pdfTeX warning (dest): name{table.caption.10} has been referenced but does not 
exist, replaced by a fixed one

pdfTeX warning (dest): name{appendix.O} has been referenced but does not exist,
 replaced by a fixed one

pdfTeX warning (dest): name{appendix.W} has been referenced but does not exist,
 replaced by a fixed one

pdfTeX warning (dest): name{appendix.R} has been referenced but does not exist,
 replaced by a fixed one

pdfTeX warning (dest): name{appendix.P} has been referenced but does not exist,
 replaced by a fixed one

pdfTeX warning (dest): name{appendix.Q} has been referenced but does not exist,
 replaced by a fixed one

pdfTeX warning (dest): name{appendix.N} has been referenced but does not exist,
 replaced by a fixed one

pdfTeX warning (dest): name{appendix.Y} has been referenced but does not exist,
 replaced by a fixed one

pdfTeX warning (dest): name{table.caption.5} has been referenced but does not e
xist, replaced by a fixed one

pdfTeX warning (dest): name{appendix.M} has been referenced but does not exist,
 replaced by a fixed one

pdfTeX warning (dest): name{appendix.K} has been referenced but does not exist,
 replaced by a fixed one

pdfTeX warning (dest): name{appendix.D} has been referenced but does not exist,
 replaced by a fixed one

pdfTeX warning (dest): name{appendix.C} has been referenced but does not exist,
 replaced by a fixed one

pdfTeX warning (dest): name{appendix.L} has been referenced but does not exist,
 replaced by a fixed one

pdfTeX warning (dest): name{appendix.J} has been referenced but does not exist,
 replaced by a fixed one

pdfTeX warning (dest): name{appendix.I} has been referenced but does not exist,
 replaced by a fixed one

pdfTeX warning (dest): name{appendix.H} has been referenced but does not exist,
 replaced by a fixed one

pdfTeX warning (dest): name{figure.caption.1} has been referenced but does not 
exist, replaced by a fixed one

pdfTeX warning (dest): name{appendix.G} has been referenced but does not exist,
 replaced by a fixed one

pdfTeX warning (dest): name{appendix.F} has been referenced but does not exist,
 replaced by a fixed one

pdfTeX warning (dest): name{equation.E.11} has been referenced but does not exi
st, replaced by a fixed one

pdfTeX warning (dest): name{appendix.B} has been referenced but does not exist,
 replaced by a fixed one

pdfTeX warning (dest): name{appendix.A} has been referenced but does not exist,
 replaced by a fixed one

pdfTeX warning (dest): name{appendix.E} has been referenced but does not exist,
 replaced by a fixed one

pdfTeX warning (dest): name{Hfootnote.1} has been referenced but does not exist
, replaced by a fixed one

 </Users/ahmadlp/Library/texlive/2021/texmf-var/fonts/pk/ljfour/public/bbm/bbm8
.600pk>{/usr/local/texlive/2021/texmf-dist/fonts/enc/dvips/cm-super/cm-super-ts
1.enc}</usr/local/texlive/2021/texmf-dist/fonts/type1/public/amsfonts/cm/cmbx10
.pfb></usr/local/texlive/2021/texmf-dist/fonts/type1/public/amsfonts/cm/cmbx8.p
fb></usr/local/texlive/2021/texmf-dist/fonts/type1/public/amsfonts/cm/cmbxti10.
pfb></usr/local/texlive/2021/texmf-dist/fonts/type1/public/amsfonts/cm/cmcsc10.
pfb></usr/local/texlive/2021/texmf-dist/fonts/type1/public/amsfonts/cm/cmex10.p
fb></usr/local/texlive/2021/texmf-dist/fonts/type1/public/amsfonts/cmextra/cmex
8.pfb></usr/local/texlive/2021/texmf-dist/fonts/type1/public/amsfonts/cm/cmmi10
.pfb></usr/local/texlive/2021/texmf-dist/fonts/type1/public/amsfonts/cm/cmmi5.p
fb></usr/local/texlive/2021/texmf-dist/fonts/type1/public/amsfonts/cm/cmmi6.pfb
></usr/local/texlive/2021/texmf-dist/fonts/type1/public/amsfonts/cm/cmmi7.pfb><
/usr/local/texlive/2021/texmf-dist/fonts/type1/public/amsfonts/cm/cmmi8.pfb></u
sr/local/texlive/2021/texmf-dist/fonts/type1/public/amsfonts/cm/cmmib10.pfb></u
sr/local/texlive/2021/texmf-dist/fonts/type1/public/amsfonts/cm/cmr10.pfb></usr
/local/texlive/2021/texmf-dist/fonts/type1/public/amsfonts/cm/cmr5.pfb></usr/lo
cal/texlive/2021/texmf-dist/fonts/type1/public/amsfonts/cm/cmr6.pfb></usr/local
/texlive/2021/texmf-dist/fonts/type1/public/amsfonts/cm/cmr8.pfb></usr/local/te
xlive/2021/texmf-dist/fonts/type1/public/amsfonts/cm/cmssbx10.pfb></usr/local/t
exlive/2021/texmf-dist/fonts/type1/public/amsfonts/cm/cmsy10.pfb></usr/local/te
xlive/2021/texmf-dist/fonts/type1/public/amsfonts/cm/cmsy5.pfb></usr/local/texl
ive/2021/texmf-dist/fonts/type1/public/amsfonts/cm/cmsy6.pfb></usr/local/texliv
e/2021/texmf-dist/fonts/type1/public/amsfonts/cm/cmsy8.pfb></usr/local/texlive/
2021/texmf-dist/fonts/type1/public/amsfonts/cm/cmti10.pfb></usr/local/texlive/2
021/texmf-dist/fonts/type1/public/amsfonts/cm/cmti8.pfb></usr/local/texlive/202
1/texmf-dist/fonts/type1/public/amsfonts/cm/cmtt8.pfb></usr/local/texlive/2021/
texmf-dist/fonts/type1/public/amsfonts/symbols/msbm10.pfb></usr/local/texlive/2
021/texmf-dist/fonts/type1/public/amsfonts/symbols/msbm7.pfb></usr/local/texliv
e/2021/texmf-dist/fonts/type1/public/rsfs/rsfs10.pfb></usr/local/texlive/2021/t
exmf-dist/fonts/type1/public/rsfs/rsfs5.pfb></usr/local/texlive/2021/texmf-dist
/fonts/type1/public/cm-super/sfrm0600.pfb></usr/local/texlive/2021/texmf-dist/f
onts/type1/public/cm-super/sfrm0800.pfb>
Output written on Main_paper.pdf (43 pages, 753528 bytes).
PDF statistics:
 1295 PDF objects out of 1440 (max. 8388607)
 1161 compressed objects within 12 object streams
 297 named destinations out of 1000 (max. 500000)
 274 words of extra memory for PDF output out of 10000 (max. 10000000)

