\BOOKMARK [1][-]{section.1}{Introduction}{}% 1
\BOOKMARK [1][-]{section.2}{Theoretical Framework}{}% 2
\BOOKMARK [2][-]{subsection.2.1}{Demand}{section.2}% 3
\BOOKMARK [2][-]{subsection.2.2}{Production}{section.2}% 4
\BOOKMARK [2][-]{subsection.2.3}{General Equilibrium}{section.2}% 5
\BOOKMARK [1][-]{section.3}{Measuring the Cost of a Tariff War}{}% 6
\BOOKMARK [2][-]{subsection.3.1}{Accounting for Markup Distortions and Political Pressures}{section.3}% 7
\BOOKMARK [2][-]{subsection.3.2}{Intermediate Input Trade with Duty Drawbacks}{section.3}% 8
\BOOKMARK [2][-]{subsection.3.3}{Integrated Model}{section.3}% 9
\BOOKMARK [2][-]{subsection.3.4}{Discussion: Cost Channels and Extensions}{section.3}% 10
\BOOKMARK [1][-]{section.4}{Cooperative Tariffs}{}% 11
\BOOKMARK [1][-]{section.5}{Quantitative Implementation}{}% 12
\BOOKMARK [2][-]{subsection.5.1}{The Cost of a Global Tariff War for Different Nations}{section.5}% 13
\BOOKMARK [2][-]{subsection.5.2}{The Cost of a Global Tariff War Over Time}{section.5}% 14
\BOOKMARK [2][-]{subsection.5.3}{Dependence on Imported Inputs}{section.5}% 15
\BOOKMARK [2][-]{subsection.5.4}{Data Aggregation Can Distort the Estimated Cost}{section.5}% 16
\BOOKMARK [2][-]{subsection.5.5}{The Gains from Cooperative Tariffs}{section.5}% 17
\BOOKMARK [1][-]{section.6}{Concluding Remarks}{}% 18
\BOOKMARK [1][-]{appendix.A}{Proof of Proposition 1}{}% 19
\BOOKMARK [2][-]{subsection.A.1}{The Cobb-Douglas-CES Case.}{appendix.A}% 20
\BOOKMARK [1][-]{appendix.B}{Welfare Approximation}{}% 21
\BOOKMARK [1][-]{appendix.C}{Accounting for Political Economy Weights}{}% 22
\BOOKMARK [1][-]{appendix.D}{Computing Nash Tariffs without Approximation}{}% 23
\BOOKMARK [1][-]{appendix.E}{List of Industries in Quantitative Analysis}{}% 24
